\BOOKMARK [0][-]{section*.2}{\376\377\000L\000i\000s\000t\000\040\000o\000f\000\040\000F\000i\000g\000u\000r\000e\000s}{}% 1
\BOOKMARK [0][-]{section*.3}{\376\377\000L\000i\000s\000t\000\040\000o\000f\000\040\000T\000a\000b\000l\000e\000s}{}% 2
\BOOKMARK [0][-]{chapter.1}{\376\377\000P\000r\000o\000b\000l\000e\000m\000\040\000I\000d\000e\000n\000t\000i\000f\000i\000c\000a\000t\000i\000o\000n}{}% 3
\BOOKMARK [1][-]{section.1.1}{\376\377\000I\000n\000t\000r\000o\000d\000u\000c\000t\000i\000o\000n}{chapter.1}% 4
\BOOKMARK [2][-]{subsection.1.1.1}{\376\377\000B\000a\000c\000k\000g\000r\000o\000u\000n\000d}{section.1.1}% 5
\BOOKMARK [2][-]{subsection.1.1.2}{\376\377\000D\000o\000m\000a\000i\000n\000\040\000O\000v\000e\000r\000v\000i\000e\000w}{section.1.1}% 6
\BOOKMARK [2][-]{subsection.1.1.3}{\376\377\000N\000e\000e\000d\000\040\000f\000o\000r\000\040\000t\000h\000e\000\040\000P\000r\000o\000p\000o\000s\000e\000d\000\040\000N\000L\000P\000\040\000S\000o\000l\000u\000t\000i\000o\000n}{section.1.1}% 7
\BOOKMARK [1][-]{section.1.2}{\376\377\000P\000r\000o\000b\000l\000e\000m\000\040\000S\000t\000a\000t\000e\000m\000e\000n\000t}{chapter.1}% 8
\BOOKMARK [1][-]{section.1.3}{\376\377\000I\000m\000p\000o\000r\000t\000a\000n\000c\000e\000\040\000o\000f\000\040\000t\000h\000e\000\040\000P\000r\000o\000b\000l\000e\000m}{chapter.1}% 9
\BOOKMARK [1][-]{section.1.4}{\376\377\000P\000r\000o\000j\000e\000c\000t\000\040\000O\000b\000j\000e\000c\000t\000i\000v\000e\000s}{chapter.1}% 10
\BOOKMARK [1][-]{section.1.5}{\376\377\000S\000c\000o\000p\000e\000\040\000o\000f\000\040\000t\000h\000e\000\040\000P\000r\000o\000j\000e\000c\000t}{chapter.1}% 11
\BOOKMARK [2][-]{subsection.1.5.1}{\376\377\000I\000n\000\040\000S\000c\000o\000p\000e}{section.1.5}% 12
\BOOKMARK [2][-]{subsection.1.5.2}{\376\377\000O\000u\000t\000\040\000o\000f\000\040\000S\000c\000o\000p\000e}{section.1.5}% 13
\BOOKMARK [1][-]{section.1.6}{\376\377\000A\000s\000s\000u\000m\000p\000t\000i\000o\000n\000s\000\040\000a\000n\000d\000\040\000C\000o\000n\000s\000t\000r\000a\000i\000n\000t\000s}{chapter.1}% 14
\BOOKMARK [0][-]{chapter.2}{\376\377\000L\000i\000t\000e\000r\000a\000t\000u\000r\000e\000\040\000R\000e\000v\000i\000e\000w}{}% 15
\BOOKMARK [1][-]{section.2.1}{\376\377\000I\000n\000t\000r\000o\000d\000u\000c\000t\000i\000o\000n}{chapter.2}% 16
\BOOKMARK [1][-]{section.2.2}{\376\377\000R\000e\000s\000e\000a\000r\000c\000h\000\040\000P\000a\000p\000e\000r\000\040\000R\000e\000v\000i\000e\000w}{chapter.2}% 17
\BOOKMARK [2][-]{subsection.2.2.1}{\376\377\000I\000n\000d\000i\000c\000T\000r\000a\000n\000s\0002\000:\000\040\000T\000o\000w\000a\000r\000d\000s\000\040\000H\000i\000g\000h\000-\000Q\000u\000a\000l\000i\000t\000y\000\040\000a\000n\000d\000\040\000A\000c\000c\000e\000s\000s\000i\000b\000l\000e\000\040\000M\000a\000c\000h\000i\000n\000e\000\040\000T\000r\000a\000n\000s\000l\000a\000t\000i\000o\000n\000\040\000M\000o\000d\000e\000l\000s\000\040\000f\000o\000r\000\040\000a\000l\000l\000\040\0002\0002\000\040\000S\000c\000h\000e\000d\000u\000l\000e\000d\000\040\000I\000n\000d\000i\000a\000n\000\040\000L\000a\000n\000g\000u\000a\000g\000e\000s}{section.2.2}% 18
\BOOKMARK [2][-]{subsection.2.2.2}{\376\377\000M\000u\000R\000I\000L\000:\000\040\000M\000u\000l\000t\000i\000l\000i\000n\000g\000u\000a\000l\000\040\000R\000e\000p\000r\000e\000s\000e\000n\000t\000a\000t\000i\000o\000n\000s\000\040\000f\000o\000r\000\040\000I\000n\000d\000i\000a\000n\000\040\000L\000a\000n\000g\000u\000a\000g\000e\000s}{section.2.2}% 19
\BOOKMARK [2][-]{subsection.2.2.3}{\376\377\000I\000L\000D\000C\000\040\000f\000o\000r\000\040\000C\000J\000P\000E\000:\000\040\000I\000n\000d\000i\000a\000n\000\040\000L\000e\000g\000a\000l\000\040\000D\000o\000c\000u\000m\000e\000n\000t\000s\000\040\000C\000o\000r\000p\000u\000s\000\040\000f\000o\000r\000\040\000C\000o\000u\000r\000t\000\040\000J\000u\000d\000g\000m\000e\000n\000t\000\040\000P\000r\000e\000d\000i\000c\000t\000i\000o\000n\000\040\000a\000n\000d\000\040\000E\000x\000p\000l\000a\000n\000a\000t\000i\000o\000n}{section.2.2}% 20
\BOOKMARK [2][-]{subsection.2.2.4}{\376\377\000F\000i\000n\000B\000E\000R\000T\000:\000\040\000F\000i\000n\000a\000n\000c\000i\000a\000l\000\040\000S\000e\000n\000t\000i\000m\000e\000n\000t\000\040\000A\000n\000a\000l\000y\000s\000i\000s\000\040\000w\000i\000t\000h\000\040\000P\000r\000e\000-\000t\000r\000a\000i\000n\000e\000d\000\040\000L\000a\000n\000g\000u\000a\000g\000e\000\040\000M\000o\000d\000e\000l\000s}{section.2.2}% 21
\BOOKMARK [2][-]{subsection.2.2.5}{\376\377\000N\000a\000m\000e\000d\000\040\000E\000n\000t\000i\000t\000y\000\040\000R\000e\000c\000o\000g\000n\000i\000t\000i\000o\000n\000\040\000i\000n\000\040\000I\000n\000d\000i\000a\000n\000\040\000C\000o\000u\000r\000t\000\040\000J\000u\000d\000g\000m\000e\000n\000t\000s}{section.2.2}% 22
\BOOKMARK [2][-]{subsection.2.2.6}{\376\377\000B\000E\000R\000T\000:\000\040\000P\000r\000e\000-\000t\000r\000a\000i\000n\000i\000n\000g\000\040\000o\000f\000\040\000D\000e\000e\000p\000\040\000B\000i\000d\000i\000r\000e\000c\000t\000i\000o\000n\000a\000l\000\040\000T\000r\000a\000n\000s\000f\000o\000r\000m\000e\000r\000s\000\040\000f\000o\000r\000\040\000L\000a\000n\000g\000u\000a\000g\000e\000\040\000U\000n\000d\000e\000r\000s\000t\000a\000n\000d\000i\000n\000g}{section.2.2}% 23
\BOOKMARK [1][-]{section.2.3}{\376\377\000I\000n\000d\000u\000s\000t\000r\000i\000a\000l\000\040\000S\000o\000l\000u\000t\000i\000o\000n\000\040\000R\000e\000v\000i\000e\000w}{chapter.2}% 24
\BOOKMARK [2][-]{subsection.2.3.1}{\376\377\000G\000o\000o\000g\000l\000e\000\040\000C\000l\000o\000u\000d\000\040\000D\000o\000c\000u\000m\000e\000n\000t\000\040\000A\000I}{section.2.3}% 25
\BOOKMARK [2][-]{subsection.2.3.2}{\376\377\000M\000i\000c\000r\000o\000s\000o\000f\000t\000\040\000A\000z\000u\000r\000e\000\040\000A\000I\000\040\000D\000o\000c\000u\000m\000e\000n\000t\000\040\000I\000n\000t\000e\000l\000l\000i\000g\000e\000n\000c\000e}{section.2.3}% 26
\BOOKMARK [1][-]{section.2.4}{\376\377\000C\000o\000m\000p\000a\000r\000a\000t\000i\000v\000e\000\040\000A\000n\000a\000l\000y\000s\000i\000s}{chapter.2}% 27
\BOOKMARK [1][-]{section.2.5}{\376\377\000R\000e\000s\000e\000a\000r\000c\000h\000\040\000G\000a\000p\000\040\000A\000n\000a\000l\000y\000s\000i\000s}{chapter.2}% 28
\BOOKMARK [1][-]{section.2.6}{\376\377\000P\000r\000o\000p\000o\000s\000e\000d\000\040\000I\000m\000p\000r\000o\000v\000e\000m\000e\000n\000t\000s}{chapter.2}% 29
\BOOKMARK [0][-]{chapter.3}{\376\377\000D\000a\000t\000a\000s\000e\000t\000\040\000C\000o\000l\000l\000e\000c\000t\000i\000o\000n}{}% 30
\BOOKMARK [1][-]{section.3.1}{\376\377\000I\000n\000t\000r\000o\000d\000u\000c\000t\000i\000o\000n}{chapter.3}% 31
\BOOKMARK [1][-]{section.3.2}{\376\377\000D\000a\000t\000a\000s\000e\000t\000\040\000S\000e\000l\000e\000c\000t\000i\000o\000n\000\040\000C\000r\000i\000t\000e\000r\000i\000a}{chapter.3}% 32
\BOOKMARK [1][-]{section.3.3}{\376\377\000D\000a\000t\000a\000s\000e\000t\000\040\000S\000o\000u\000r\000c\000e}{chapter.3}% 33
\BOOKMARK [1][-]{section.3.4}{\376\377\000D\000a\000t\000a\000s\000e\000t\000\040\000D\000e\000s\000c\000r\000i\000p\000t\000i\000o\000n}{chapter.3}% 34
\BOOKMARK [1][-]{section.3.5}{\376\377\000D\000a\000t\000a\000s\000e\000t\000\040\000C\000h\000a\000r\000a\000c\000t\000e\000r\000i\000s\000t\000i\000c\000s}{chapter.3}% 35
\BOOKMARK [2][-]{subsection.3.5.1}{\376\377\000S\000a\000m\000p\000l\000e\000\040\000R\000e\000c\000o\000r\000d\000s}{section.3.5}% 36
\BOOKMARK [1][-]{section.3.6}{\376\377\000A\000n\000n\000o\000t\000a\000t\000i\000o\000n\000\040\000S\000t\000r\000a\000t\000e\000g\000y}{chapter.3}% 37
\BOOKMARK [2][-]{subsection.3.6.1}{\376\377\000E\000x\000i\000s\000t\000i\000n\000g\000\040\000A\000n\000n\000o\000t\000a\000t\000e\000d\000\040\000D\000a\000t\000a\000s\000e\000t}{section.3.6}% 38
\BOOKMARK [2][-]{subsection.3.6.2}{\376\377\000S\000e\000l\000f\000-\000c\000r\000e\000a\000t\000e\000d\000\040\000D\000a\000t\000a\000s\000e\000t}{section.3.6}% 39
\BOOKMARK [1][-]{section.3.7}{\376\377\000D\000a\000t\000a\000s\000e\000t\000\040\000L\000i\000c\000e\000n\000s\000i\000n\000g\000\040\000a\000n\000d\000\040\000P\000e\000r\000m\000i\000s\000s\000i\000o\000n\000s}{chapter.3}% 40
\BOOKMARK [1][-]{section.3.8}{\376\377\000D\000a\000t\000a\000s\000e\000t\000\040\000J\000u\000s\000t\000i\000f\000i\000c\000a\000t\000i\000o\000n}{chapter.3}% 41
\BOOKMARK [1][-]{section.3.9}{\376\377\000F\000i\000n\000a\000l\000\040\000D\000a\000t\000a\000s\000e\000t\000\040\000a\000n\000d\000\040\000D\000a\000t\000a\000\040\000S\000p\000l\000i\000t}{chapter.3}% 42
\BOOKMARK [2][-]{subsection.3.9.1}{\376\377\000T\000r\000a\000i\000n\000i\000n\000g\000\040\000D\000a\000t\000a\000s\000e\000t}{section.3.9}% 43
\BOOKMARK [2][-]{subsection.3.9.2}{\376\377\000V\000a\000l\000i\000d\000a\000t\000i\000o\000n\000\040\000D\000a\000t\000a\000s\000e\000t}{section.3.9}% 44
\BOOKMARK [2][-]{subsection.3.9.3}{\376\377\000T\000e\000s\000t\000i\000n\000g\000\040\000D\000a\000t\000a\000s\000e\000t}{section.3.9}% 45
\BOOKMARK [0][-]{chapter.4}{\376\377\000D\000a\000t\000a\000\040\000P\000r\000e\000p\000a\000r\000a\000t\000i\000o\000n}{}% 46
\BOOKMARK [1][-]{section.4.1}{\376\377\000I\000n\000t\000r\000o\000d\000u\000c\000t\000i\000o\000n}{chapter.4}% 47
\BOOKMARK [1][-]{section.4.2}{\376\377\000D\000a\000t\000a\000\040\000C\000l\000e\000a\000n\000i\000n\000g}{chapter.4}% 48
\BOOKMARK [1][-]{section.4.3}{\376\377\000T\000o\000k\000e\000n\000i\000z\000a\000t\000i\000o\000n}{chapter.4}% 49
\BOOKMARK [1][-]{section.4.4}{\376\377\000S\000t\000o\000p\000w\000o\000r\000d\000\040\000P\000r\000o\000c\000e\000s\000s\000i\000n\000g}{chapter.4}% 50
\BOOKMARK [1][-]{section.4.5}{\376\377\000M\000o\000r\000p\000h\000o\000l\000o\000g\000i\000c\000a\000l\000\040\000P\000r\000o\000c\000e\000s\000s\000i\000n\000g}{chapter.4}% 51
\BOOKMARK [1][-]{section.4.6}{\376\377\000E\000x\000p\000l\000o\000r\000a\000t\000o\000r\000y\000\040\000D\000a\000t\000a\000\040\000A\000n\000a\000l\000y\000s\000i\000s\000\040\000\050\000E\000D\000A\000\051}{chapter.4}% 52
\BOOKMARK [2][-]{subsection.4.6.1}{\376\377\000M\000i\000s\000s\000i\000n\000g\000\040\000V\000a\000l\000u\000e\000\040\000A\000n\000a\000l\000y\000s\000i\000s}{section.4.6}% 53
\BOOKMARK [2][-]{subsection.4.6.2}{\376\377\000C\000l\000a\000s\000s\000\040\000D\000i\000s\000t\000r\000i\000b\000u\000t\000i\000o\000n}{section.4.6}% 54
\BOOKMARK [2][-]{subsection.4.6.3}{\376\377\000V\000o\000c\000a\000b\000u\000l\000a\000r\000y\000\040\000A\000n\000a\000l\000y\000s\000i\000s}{section.4.6}% 55
\BOOKMARK [2][-]{subsection.4.6.4}{\376\377\000S\000e\000n\000t\000e\000n\000c\000e\000\040\000L\000e\000n\000g\000t\000h\000\040\000D\000i\000s\000t\000r\000i\000b\000u\000t\000i\000o\000n}{section.4.6}% 56
\BOOKMARK [2][-]{subsection.4.6.5}{\376\377\000M\000o\000s\000t\000\040\000F\000r\000e\000q\000u\000e\000n\000t\000\040\000T\000o\000k\000e\000n\000s}{section.4.6}% 57
\BOOKMARK [2][-]{subsection.4.6.6}{\376\377\000N\000-\000g\000r\000a\000m\000\040\000A\000n\000a\000l\000y\000s\000i\000s}{section.4.6}% 58
\BOOKMARK [2][-]{subsection.4.6.7}{\376\377\000W\000o\000r\000d\000\040\000C\000l\000o\000u\000d}{section.4.6}% 59
\BOOKMARK [2][-]{subsection.4.6.8}{\376\377\000O\000t\000h\000e\000r\000\040\000A\000p\000p\000l\000i\000c\000a\000b\000l\000e\000\040\000A\000n\000a\000l\000y\000s\000e\000s}{section.4.6}% 60
\BOOKMARK [1][-]{section.4.7}{\376\377\000P\000r\000e\000p\000r\000o\000c\000e\000s\000s\000i\000n\000g\000\040\000W\000o\000r\000k\000f\000l\000o\000w}{chapter.4}% 61
\BOOKMARK [1][-]{section.4.8}{\376\377\000P\000r\000e\000p\000r\000o\000c\000e\000s\000s\000i\000n\000g\000\040\000I\000m\000p\000l\000e\000m\000e\000n\000t\000a\000t\000i\000o\000n}{chapter.4}% 62
\BOOKMARK [1][-]{section.4.9}{\376\377\000B\000e\000f\000o\000r\000e\000\040\000a\000n\000d\000\040\000A\000f\000t\000e\000r\000\040\000P\000r\000e\000p\000r\000o\000c\000e\000s\000s\000i\000n\000g\000\040\000A\000n\000a\000l\000y\000s\000i\000s}{chapter.4}% 63
\BOOKMARK [0][-]{chapter.5}{\376\377\000N\000L\000P\000\040\000P\000i\000p\000e\000l\000i\000n\000e\000\040\000D\000e\000s\000i\000g\000n}{}% 64
\BOOKMARK [1][-]{section.5.1}{\376\377\000I\000n\000t\000r\000o\000d\000u\000c\000t\000i\000o\000n}{chapter.5}% 65
\BOOKMARK [1][-]{section.5.2}{\376\377\000P\000r\000o\000p\000o\000s\000e\000d\000\040\000S\000y\000s\000t\000e\000m\000\040\000A\000r\000c\000h\000i\000t\000e\000c\000t\000u\000r\000e}{chapter.5}% 66
\BOOKMARK [1][-]{section.5.3}{\376\377\000W\000o\000r\000k\000f\000l\000o\000w\000\040\000D\000i\000a\000g\000r\000a\000m}{chapter.5}% 67
\BOOKMARK [1][-]{section.5.4}{\376\377\000F\000e\000a\000t\000u\000r\000e\000\040\000R\000e\000p\000r\000e\000s\000e\000n\000t\000a\000t\000i\000o\000n\000\040\000S\000t\000r\000a\000t\000e\000g\000y}{chapter.5}% 68
\BOOKMARK [2][-]{subsection.5.4.1}{\376\377\000C\000a\000n\000d\000i\000d\000a\000t\000e\000\040\000F\000e\000a\000t\000u\000r\000e\000\040\000R\000e\000p\000r\000e\000s\000e\000n\000t\000a\000t\000i\000o\000n\000\040\000T\000e\000c\000h\000n\000i\000q\000u\000e\000s}{section.5.4}% 69
\BOOKMARK [2][-]{subsection.5.4.2}{\376\377\000S\000e\000l\000e\000c\000t\000e\000d\000\040\000F\000e\000a\000t\000u\000r\000e\000\040\000R\000e\000p\000r\000e\000s\000e\000n\000t\000a\000t\000i\000o\000n}{section.5.4}% 70
\BOOKMARK [1][-]{section.5.5}{\376\377\000M\000o\000d\000e\000l\000\040\000S\000e\000l\000e\000c\000t\000i\000o\000n\000\040\000S\000t\000r\000a\000t\000e\000g\000y}{chapter.5}% 71
\BOOKMARK [2][-]{subsection.5.5.1}{\376\377\000C\000a\000n\000d\000i\000d\000a\000t\000e\000\040\000M\000o\000d\000e\000l\000s}{section.5.5}% 72
\BOOKMARK [2][-]{subsection.5.5.2}{\376\377\000S\000e\000l\000e\000c\000t\000e\000d\000\040\000M\000o\000d\000e\000l}{section.5.5}% 73
\BOOKMARK [1][-]{section.5.6}{\376\377\000S\000y\000s\000t\000e\000m\000\040\000R\000e\000q\000u\000i\000r\000e\000m\000e\000n\000t\000s}{chapter.5}% 74
\BOOKMARK [2][-]{subsection.5.6.1}{\376\377\000H\000a\000r\000d\000w\000a\000r\000e\000\040\000R\000e\000q\000u\000i\000r\000e\000m\000e\000n\000t\000s}{section.5.6}% 75
\BOOKMARK [2][-]{subsection.5.6.2}{\376\377\000S\000o\000f\000t\000w\000a\000r\000e\000\040\000R\000e\000q\000u\000i\000r\000e\000m\000e\000n\000t\000s}{section.5.6}% 76
\BOOKMARK [1][-]{section.5.7}{\376\377\000P\000r\000o\000p\000o\000s\000e\000d\000\040\000E\000v\000a\000l\000u\000a\000t\000i\000o\000n\000\040\000S\000t\000r\000a\000t\000e\000g\000y}{chapter.5}% 77
\BOOKMARK [2][-]{subsection.5.7.1}{\376\377\000A\000u\000t\000o\000m\000a\000t\000i\000c\000\040\000E\000v\000a\000l\000u\000a\000t\000i\000o\000n}{section.5.7}% 78
\BOOKMARK [2][-]{subsection.5.7.2}{\376\377\000H\000u\000m\000a\000n\000\040\000E\000v\000a\000l\000u\000a\000t\000i\000o\000n}{section.5.7}% 79
\BOOKMARK [1][-]{section.5.8}{\376\377\000P\000r\000o\000p\000o\000s\000e\000d\000\040\000a\000n\000d\000\040\000I\000m\000p\000l\000e\000m\000e\000n\000t\000e\000d\000\040\000P\000i\000p\000e\000l\000i\000n\000e}{chapter.5}% 80
\BOOKMARK [0][-]{chapter.6}{\376\377\000S\000y\000s\000t\000e\000m\000\040\000I\000m\000p\000l\000e\000m\000e\000n\000t\000a\000t\000i\000o\000n}{}% 81
\BOOKMARK [1][-]{section.6.1}{\376\377\000I\000n\000t\000r\000o\000d\000u\000c\000t\000i\000o\000n}{chapter.6}% 82
\BOOKMARK [1][-]{section.6.2}{\376\377\000I\000m\000p\000l\000e\000m\000e\000n\000t\000a\000t\000i\000o\000n\000\040\000E\000n\000v\000i\000r\000o\000n\000m\000e\000n\000t}{chapter.6}% 83
\BOOKMARK [2][-]{subsection.6.2.1}{\376\377\000H\000a\000r\000d\000w\000a\000r\000e\000\040\000E\000n\000v\000i\000r\000o\000n\000m\000e\000n\000t}{section.6.2}% 84
\BOOKMARK [2][-]{subsection.6.2.2}{\376\377\000S\000o\000f\000t\000w\000a\000r\000e\000\040\000E\000n\000v\000i\000r\000o\000n\000m\000e\000n\000t}{section.6.2}% 85
\BOOKMARK [1][-]{section.6.3}{\376\377\000D\000a\000t\000a\000s\000e\000t\000\040\000I\000m\000p\000l\000e\000m\000e\000n\000t\000a\000t\000i\000o\000n}{chapter.6}% 86
\BOOKMARK [2][-]{subsection.6.3.1}{\376\377\000D\000a\000t\000a\000s\000e\000t\000\040\000L\000o\000a\000d\000i\000n\000g}{section.6.3}% 87
\BOOKMARK [2][-]{subsection.6.3.2}{\376\377\000D\000a\000t\000a\000s\000e\000t\000\040\000U\000s\000a\000g\000e}{section.6.3}% 88
\BOOKMARK [1][-]{section.6.4}{\376\377\000P\000r\000e\000p\000r\000o\000c\000e\000s\000s\000i\000n\000g\000\040\000I\000m\000p\000l\000e\000m\000e\000n\000t\000a\000t\000i\000o\000n}{chapter.6}% 89
\BOOKMARK [2][-]{subsection.6.4.1}{\376\377\000P\000D\000F\000\040\000T\000e\000x\000t\000\040\000E\000x\000t\000r\000a\000c\000t\000i\000o\000n}{section.6.4}% 90
\BOOKMARK [2][-]{subsection.6.4.2}{\376\377\000T\000e\000x\000t\000\040\000C\000l\000e\000a\000n\000i\000n\000g}{section.6.4}% 91
\BOOKMARK [2][-]{subsection.6.4.3}{\376\377\000U\000n\000i\000c\000o\000d\000e\000\040\000N\000o\000r\000m\000a\000l\000i\000z\000a\000t\000i\000o\000n}{section.6.4}% 92
\BOOKMARK [2][-]{subsection.6.4.4}{\376\377\000D\000o\000c\000u\000m\000e\000n\000t\000\040\000C\000h\000u\000n\000k\000i\000n\000g}{section.6.4}% 93
\BOOKMARK [1][-]{section.6.5}{\376\377\000F\000e\000a\000t\000u\000r\000e\000\040\000R\000e\000p\000r\000e\000s\000e\000n\000t\000a\000t\000i\000o\000n\000\040\000I\000m\000p\000l\000e\000m\000e\000n\000t\000a\000t\000i\000o\000n}{chapter.6}% 94
\BOOKMARK [2][-]{subsection.6.5.1}{\376\377\000L\000e\000x\000i\000c\000a\000l\000\040\000R\000e\000p\000r\000e\000s\000e\000n\000t\000a\000t\000i\000o\000n}{section.6.5}% 95
\BOOKMARK [2][-]{subsection.6.5.2}{\376\377\000B\000i\000l\000i\000n\000g\000u\000a\000l\000\040\000R\000e\000p\000r\000e\000s\000e\000n\000t\000a\000t\000i\000o\000n}{section.6.5}% 96
\BOOKMARK [2][-]{subsection.6.5.3}{\376\377\000S\000t\000r\000u\000c\000t\000u\000r\000e\000d\000\040\000I\000n\000f\000o\000r\000m\000a\000t\000i\000o\000n\000\040\000R\000e\000p\000r\000e\000s\000e\000n\000t\000a\000t\000i\000o\000n}{section.6.5}% 97
\BOOKMARK [1][-]{section.6.6}{\376\377\000M\000o\000d\000e\000l\000\040\000I\000m\000p\000l\000e\000m\000e\000n\000t\000a\000t\000i\000o\000n}{chapter.6}% 98
\BOOKMARK [2][-]{subsection.6.6.1}{\376\377\000D\000o\000c\000u\000m\000e\000n\000t\000\040\000C\000l\000a\000s\000s\000i\000f\000i\000c\000a\000t\000i\000o\000n}{section.6.6}% 99
\BOOKMARK [2][-]{subsection.6.6.2}{\376\377\000L\000a\000n\000g\000u\000a\000g\000e\000\040\000D\000e\000t\000e\000c\000t\000i\000o\000n}{section.6.6}% 100
\BOOKMARK [2][-]{subsection.6.6.3}{\376\377\000K\000e\000y\000\040\000I\000n\000f\000o\000r\000m\000a\000t\000i\000o\000n\000\040\000E\000x\000t\000r\000a\000c\000t\000i\000o\000n}{section.6.6}% 101
\BOOKMARK [2][-]{subsection.6.6.4}{\376\377\000Q\000u\000e\000s\000t\000i\000o\000n\000\040\000A\000n\000s\000w\000e\000r\000i\000n\000g}{section.6.6}% 102
\BOOKMARK [2][-]{subsection.6.6.5}{\376\377\000T\000r\000a\000n\000s\000l\000a\000t\000i\000o\000n}{section.6.6}% 103
\BOOKMARK [2][-]{subsection.6.6.6}{\376\377\000O\000p\000t\000i\000o\000n\000a\000l\000\040\000A\000I\000\040\000A\000n\000s\000w\000e\000r\000\040\000G\000e\000n\000e\000r\000a\000t\000i\000o\000n}{section.6.6}% 104
\BOOKMARK [1][-]{section.6.7}{\376\377\000T\000r\000a\000i\000n\000i\000n\000g\000\040\000C\000o\000n\000f\000i\000g\000u\000r\000a\000t\000i\000o\000n}{chapter.6}% 105
\BOOKMARK [1][-]{section.6.8}{\376\377\000I\000m\000p\000l\000e\000m\000e\000n\000t\000a\000t\000i\000o\000n\000\040\000C\000h\000a\000l\000l\000e\000n\000g\000e\000s\000\040\000a\000n\000d\000\040\000S\000o\000l\000u\000t\000i\000o\000n\000s}{chapter.6}% 106
\BOOKMARK [1][-]{section.6.9}{\376\377\000I\000m\000p\000l\000e\000m\000e\000n\000t\000e\000d\000\040\000S\000y\000s\000t\000e\000m\000\040\000A\000r\000c\000h\000i\000t\000e\000c\000t\000u\000r\000e}{chapter.6}% 107
\BOOKMARK [0][-]{chapter.7}{\376\377\000E\000x\000p\000e\000r\000i\000m\000e\000n\000t\000a\000t\000i\000o\000n\000\040\000a\000n\000d\000\040\000M\000o\000d\000e\000l\000\040\000D\000e\000v\000e\000l\000o\000p\000m\000e\000n\000t}{}% 108
\BOOKMARK [1][-]{section.7.1}{\376\377\000I\000n\000t\000r\000o\000d\000u\000c\000t\000i\000o\000n}{chapter.7}% 109
\BOOKMARK [1][-]{section.7.2}{\376\377\000E\000x\000p\000e\000r\000i\000m\000e\000n\000t\000a\000l\000\040\000D\000e\000s\000i\000g\000n}{chapter.7}% 110
\BOOKMARK [1][-]{section.7.3}{\376\377\000B\000a\000s\000e\000l\000i\000n\000e\000\040\000M\000o\000d\000e\000l}{chapter.7}% 111
\BOOKMARK [1][-]{section.7.4}{\376\377\000P\000r\000o\000p\000o\000s\000e\000d\000\040\000M\000o\000d\000e\000l}{chapter.7}% 112
\BOOKMARK [1][-]{section.7.5}{\376\377\000F\000e\000a\000t\000u\000r\000e\000\040\000R\000e\000p\000r\000e\000s\000e\000n\000t\000a\000t\000i\000o\000n\000\040\000E\000x\000p\000e\000r\000i\000m\000e\000n\000t\000s}{chapter.7}% 113
\BOOKMARK [2][-]{subsection.7.5.1}{\376\377\000R\000a\000w\000\040\000T\000e\000x\000t\000\040\000R\000e\000p\000r\000e\000s\000e\000n\000t\000a\000t\000i\000o\000n}{section.7.5}% 114
\BOOKMARK [2][-]{subsection.7.5.2}{\376\377\000N\000o\000r\000m\000a\000l\000i\000z\000e\000d\000\040\000T\000o\000k\000e\000n\000\040\000R\000e\000p\000r\000e\000s\000e\000n\000t\000a\000t\000i\000o\000n}{section.7.5}% 115
\BOOKMARK [2][-]{subsection.7.5.3}{\376\377\000C\000h\000u\000n\000k\000-\000B\000a\000s\000e\000d\000\040\000R\000e\000p\000r\000e\000s\000e\000n\000t\000a\000t\000i\000o\000n}{section.7.5}% 116
\BOOKMARK [2][-]{subsection.7.5.4}{\376\377\000S\000t\000r\000u\000c\000t\000u\000r\000e\000d\000\040\000I\000n\000f\000o\000r\000m\000a\000t\000i\000o\000n\000\040\000R\000e\000p\000r\000e\000s\000e\000n\000t\000a\000t\000i\000o\000n}{section.7.5}% 117
\BOOKMARK [1][-]{section.7.6}{\376\377\000M\000o\000d\000e\000l\000\040\000C\000o\000m\000p\000a\000r\000i\000s\000o\000n}{chapter.7}% 118
\BOOKMARK [1][-]{section.7.7}{\376\377\000H\000y\000p\000e\000r\000p\000a\000r\000a\000m\000e\000t\000e\000r\000\040\000E\000x\000p\000e\000r\000i\000m\000e\000n\000t\000a\000t\000i\000o\000n}{chapter.7}% 119
\BOOKMARK [1][-]{section.7.8}{\376\377\000E\000x\000p\000e\000r\000i\000m\000e\000n\000t\000a\000l\000\040\000O\000b\000s\000e\000r\000v\000a\000t\000i\000o\000n\000s}{chapter.7}% 120
\BOOKMARK [2][-]{subsection.7.8.1}{\376\377\000O\000b\000s\000e\000r\000v\000a\000t\000i\000o\000n\000\040\0001\000:\000\040\000I\000m\000p\000o\000r\000t\000a\000n\000c\000e\000\040\000o\000f\000\040\000P\000r\000e\000p\000r\000o\000c\000e\000s\000s\000i\000n\000g}{section.7.8}% 121
\BOOKMARK [2][-]{subsection.7.8.2}{\376\377\000O\000b\000s\000e\000r\000v\000a\000t\000i\000o\000n\000\040\0002\000:\000\040\000I\000m\000p\000o\000r\000t\000a\000n\000c\000e\000\040\000o\000f\000\040\000C\000h\000u\000n\000k\000i\000n\000g}{section.7.8}% 122
\BOOKMARK [2][-]{subsection.7.8.3}{\376\377\000O\000b\000s\000e\000r\000v\000a\000t\000i\000o\000n\000\040\0003\000:\000\040\000I\000m\000p\000o\000r\000t\000a\000n\000c\000e\000\040\000o\000f\000\040\000P\000a\000g\000e\000\040\000R\000e\000f\000e\000r\000e\000n\000c\000e\000s}{section.7.8}% 123
\BOOKMARK [2][-]{subsection.7.8.4}{\376\377\000O\000b\000s\000e\000r\000v\000a\000t\000i\000o\000n\000\040\0004\000:\000\040\000B\000i\000l\000i\000n\000g\000u\000a\000l\000\040\000I\000n\000t\000e\000r\000a\000c\000t\000i\000o\000n}{section.7.8}% 124
\BOOKMARK [2][-]{subsection.7.8.5}{\376\377\000O\000b\000s\000e\000r\000v\000a\000t\000i\000o\000n\000\040\0005\000:\000\040\000S\000o\000u\000r\000c\000e\000\040\000G\000r\000o\000u\000n\000d\000i\000n\000g}{section.7.8}% 125
\BOOKMARK [2][-]{subsection.7.8.6}{\376\377\000O\000b\000s\000e\000r\000v\000a\000t\000i\000o\000n\000\040\0006\000:\000\040\000E\000x\000t\000e\000r\000n\000a\000l\000\040\000S\000e\000r\000v\000i\000c\000e\000\040\000D\000e\000p\000e\000n\000d\000e\000n\000c\000y}{section.7.8}% 126
\BOOKMARK [2][-]{subsection.7.8.7}{\376\377\000O\000b\000s\000e\000r\000v\000a\000t\000i\000o\000n\000\040\0007\000:\000\040\000I\000n\000t\000e\000n\000t\000\040\000D\000a\000t\000a\000s\000e\000t\000\040\000U\000s\000a\000g\000e}{section.7.8}% 127
\BOOKMARK [1][-]{section.7.9}{\376\377\000S\000e\000l\000e\000c\000t\000e\000d\000\040\000M\000o\000d\000e\000l\000\040\000a\000n\000d\000\040\000C\000o\000n\000f\000i\000g\000u\000r\000a\000t\000i\000o\000n}{chapter.7}% 128
\BOOKMARK [1][-]{section.7.10}{\376\377\000S\000t\000a\000g\000e\000\040\0003\000\040\000R\000e\000a\000d\000i\000n\000e\000s\000s}{chapter.7}% 129
\BOOKMARK [0][-]{chapter.8}{\376\377\000I\000n\000d\000i\000v\000i\000d\000u\000a\000l\000\040\000T\000e\000c\000h\000n\000i\000c\000a\000l\000\040\000C\000o\000n\000t\000r\000i\000b\000u\000t\000i\000o\000n}{}% 130
\BOOKMARK [1][-]{section.8.1}{\376\377\000I\000n\000t\000r\000o\000d\000u\000c\000t\000i\000o\000n}{chapter.8}% 131
\BOOKMARK [1][-]{section.8.2}{\376\377\000I\000n\000d\000i\000v\000i\000d\000u\000a\000l\000\040\000C\000o\000n\000t\000r\000i\000b\000u\000t\000i\000o\000n\000\040\000M\000a\000t\000r\000i\000x}{chapter.8}% 132
\BOOKMARK [1][-]{section.8.3}{\376\377\000I\000n\000d\000i\000v\000i\000d\000u\000a\000l\000\040\000T\000e\000c\000h\000n\000i\000c\000a\000l\000\040\000T\000a\000s\000k\000s}{chapter.8}% 133
\BOOKMARK [2][-]{subsection.8.3.1}{\376\377\000P\000a\000d\000m\000a\000j\000a\000\040\000S\000h\000i\000n\000d\000e}{section.8.3}% 134
\BOOKMARK [2][-]{subsection.8.3.2}{\376\377\000A\000k\000s\000h\000a\000t\000a\000\040\000N\000a\000i\000k}{section.8.3}% 135
\BOOKMARK [1][-]{section.8.4}{\376\377\000T\000e\000s\000t\000i\000n\000g\000\040\000a\000n\000d\000\040\000D\000e\000b\000u\000g\000g\000i\000n\000g\000\040\000C\000o\000n\000t\000r\000i\000b\000u\000t\000i\000o\000n}{chapter.8}% 136
\BOOKMARK [2][-]{subsection.8.4.1}{\376\377\000P\000a\000d\000m\000a\000j\000a\000\040\000S\000h\000i\000n\000d\000e}{section.8.4}% 137
\BOOKMARK [2][-]{subsection.8.4.2}{\376\377\000A\000k\000s\000h\000a\000t\000a\000\040\000N\000a\000i\000k}{section.8.4}% 138
\BOOKMARK [2][-]{subsection.8.4.3}{\376\377\000J\000o\000i\000n\000t\000\040\000T\000e\000s\000t\000i\000n\000g\000\040\000a\000n\000d\000\040\000D\000e\000b\000u\000g\000g\000i\000n\000g}{section.8.4}% 139
\BOOKMARK [1][-]{section.8.5}{\376\377\000P\000r\000o\000b\000l\000e\000m\000s\000\040\000E\000n\000c\000o\000u\000n\000t\000e\000r\000e\000d\000\040\000a\000n\000d\000\040\000S\000o\000l\000u\000t\000i\000o\000n\000s}{chapter.8}% 140
\BOOKMARK [1][-]{section.8.6}{\376\377\000S\000k\000i\000l\000l\000\040\000A\000c\000q\000u\000i\000s\000i\000t\000i\000o\000n\000\040\000a\000n\000d\000\040\000T\000e\000c\000h\000n\000o\000l\000o\000g\000y\000\040\000A\000d\000o\000p\000t\000i\000o\000n}{chapter.8}% 141
\BOOKMARK [2][-]{subsection.8.6.1}{\376\377\000P\000a\000d\000m\000a\000j\000a\000\040\000S\000h\000i\000n\000d\000e}{section.8.6}% 142
\BOOKMARK [2][-]{subsection.8.6.2}{\376\377\000A\000k\000s\000h\000a\000t\000a\000\040\000N\000a\000i\000k}{section.8.6}% 143
\BOOKMARK [2][-]{subsection.8.6.3}{\376\377\000T\000e\000c\000h\000n\000o\000l\000o\000g\000y\000\040\000A\000d\000o\000p\000t\000i\000o\000n}{section.8.6}% 144
\BOOKMARK [1][-]{section.8.7}{\376\377\000I\000n\000d\000i\000v\000i\000d\000u\000a\000l\000\040\000C\000o\000n\000t\000r\000i\000b\000u\000t\000i\000o\000n\000\040\000E\000v\000i\000d\000e\000n\000c\000e}{chapter.8}% 145
\BOOKMARK [2][-]{subsection.8.7.1}{\376\377\000E\000v\000i\000d\000e\000n\000c\000e\000\040\000f\000o\000r\000\040\000P\000a\000d\000m\000a\000j\000a\000\040\000S\000h\000i\000n\000d\000e}{section.8.7}% 146
\BOOKMARK [2][-]{subsection.8.7.2}{\376\377\000E\000v\000i\000d\000e\000n\000c\000e\000\040\000f\000o\000r\000\040\000A\000k\000s\000h\000a\000t\000a\000\040\000N\000a\000i\000k}{section.8.7}% 147
\BOOKMARK [2][-]{subsection.8.7.3}{\376\377\000P\000r\000o\000j\000e\000c\000t\000\040\000A\000r\000t\000i\000f\000a\000c\000t\000s\000\040\000a\000s\000\040\000E\000v\000i\000d\000e\000n\000c\000e}{section.8.7}% 148
\BOOKMARK [0][-]{chapter.9}{\376\377\000M\000o\000d\000e\000l\000\040\000E\000v\000a\000l\000u\000a\000t\000i\000o\000n\000\040\000a\000n\000d\000\040\000V\000a\000l\000i\000d\000a\000t\000i\000o\000n}{}% 149
\BOOKMARK [1][-]{section.9.1}{\376\377\000I\000n\000t\000r\000o\000d\000u\000c\000t\000i\000o\000n}{chapter.9}% 150
\BOOKMARK [1][-]{section.9.2}{\376\377\000E\000v\000a\000l\000u\000a\000t\000i\000o\000n\000\040\000M\000e\000t\000h\000o\000d\000o\000l\000o\000g\000y}{chapter.9}% 151
\BOOKMARK [1][-]{section.9.3}{\376\377\000E\000v\000a\000l\000u\000a\000t\000i\000o\000n\000\040\000M\000e\000t\000r\000i\000c\000s}{chapter.9}% 152
\BOOKMARK [1][-]{section.9.4}{\376\377\000Q\000u\000a\000n\000t\000i\000t\000a\000t\000i\000v\000e\000\040\000E\000v\000a\000l\000u\000a\000t\000i\000o\000n}{chapter.9}% 153
\BOOKMARK [1][-]{section.9.5}{\376\377\000M\000o\000d\000e\000l\000\040\000P\000e\000r\000f\000o\000r\000m\000a\000n\000c\000e}{chapter.9}% 154
\BOOKMARK [1][-]{section.9.6}{\376\377\000C\000o\000m\000p\000a\000r\000a\000t\000i\000v\000e\000\040\000E\000v\000a\000l\000u\000a\000t\000i\000o\000n}{chapter.9}% 155
\BOOKMARK [1][-]{section.9.7}{\376\377\000C\000l\000a\000s\000s\000-\000w\000i\000s\000e\000\040\000/\000\040\000C\000a\000t\000e\000g\000o\000r\000y\000-\000w\000i\000s\000e\000\040\000E\000v\000a\000l\000u\000a\000t\000i\000o\000n}{chapter.9}% 156
\BOOKMARK [1][-]{section.9.8}{\376\377\000H\000u\000m\000a\000n\000\040\000E\000v\000a\000l\000u\000a\000t\000i\000o\000n\000\040\000\050\000w\000h\000e\000r\000e\000\040\000a\000p\000p\000l\000i\000c\000a\000b\000l\000e\000\051}{chapter.9}% 157
\BOOKMARK [1][-]{section.9.9}{\376\377\000V\000a\000l\000i\000d\000a\000t\000i\000o\000n\000\040\000R\000e\000s\000u\000l\000t\000s}{chapter.9}% 158
\BOOKMARK [0][-]{chapter.10}{\376\377\000E\000r\000r\000o\000r\000\040\000A\000n\000a\000l\000y\000s\000i\000s\000\040\000a\000n\000d\000\040\000M\000o\000d\000e\000l\000\040\000I\000m\000p\000r\000o\000v\000e\000m\000e\000n\000t}{}% 159
\BOOKMARK [1][-]{section.10.1}{\376\377\000I\000n\000t\000r\000o\000d\000u\000c\000t\000i\000o\000n}{chapter.10}% 160
\BOOKMARK [1][-]{section.10.2}{\376\377\000E\000r\000r\000o\000r\000\040\000A\000n\000a\000l\000y\000s\000i\000s\000\040\000M\000e\000t\000h\000o\000d\000o\000l\000o\000g\000y}{chapter.10}% 161
\BOOKMARK [1][-]{section.10.3}{\376\377\000E\000r\000r\000o\000r\000\040\000C\000a\000t\000e\000g\000o\000r\000i\000e\000s}{chapter.10}% 162
\BOOKMARK [1][-]{section.10.4}{\376\377\000R\000e\000p\000r\000e\000s\000e\000n\000t\000a\000t\000i\000v\000e\000\040\000E\000r\000r\000o\000r\000\040\000C\000a\000s\000e\000s}{chapter.10}% 163
\BOOKMARK [1][-]{section.10.5}{\376\377\000E\000r\000r\000o\000r\000\040\000D\000i\000s\000t\000r\000i\000b\000u\000t\000i\000o\000n}{chapter.10}% 164
\BOOKMARK [1][-]{section.10.6}{\376\377\000A\000n\000a\000l\000y\000s\000i\000s\000\040\000o\000f\000\040\000E\000r\000r\000o\000r\000\040\000C\000a\000u\000s\000e\000s}{chapter.10}% 165
\BOOKMARK [1][-]{section.10.7}{\376\377\000M\000o\000d\000e\000l\000\040\000I\000m\000p\000r\000o\000v\000e\000m\000e\000n\000t}{chapter.10}% 166
\BOOKMARK [1][-]{section.10.8}{\376\377\000B\000e\000f\000o\000r\000e\000\040\000a\000n\000d\000\040\000A\000f\000t\000e\000r\000\040\000I\000m\000p\000r\000o\000v\000e\000m\000e\000n\000t}{chapter.10}% 167
\BOOKMARK [1][-]{section.10.9}{\376\377\000D\000i\000s\000c\000u\000s\000s\000i\000o\000n\000\040\000o\000f\000\040\000I\000m\000p\000r\000o\000v\000e\000m\000e\000n\000t}{chapter.10}% 168
\BOOKMARK [0][-]{chapter.11}{\376\377\000F\000i\000n\000a\000l\000\040\000S\000y\000s\000t\000e\000m\000\040\000a\000n\000d\000\040\000R\000e\000s\000u\000l\000t\000s}{}% 169
\BOOKMARK [1][-]{section.11.1}{\376\377\000I\000n\000t\000r\000o\000d\000u\000c\000t\000i\000o\000n}{chapter.11}% 170
\BOOKMARK [1][-]{section.11.2}{\376\377\000F\000i\000n\000a\000l\000\040\000S\000y\000s\000t\000e\000m\000\040\000A\000r\000c\000h\000i\000t\000e\000c\000t\000u\000r\000e}{chapter.11}% 171
\BOOKMARK [1][-]{section.11.3}{\376\377\000F\000i\000n\000a\000l\000\040\000E\000n\000d\000-\000t\000o\000-\000E\000n\000d\000\040\000W\000o\000r\000k\000f\000l\000o\000w}{chapter.11}% 172
\BOOKMARK [1][-]{section.11.4}{\376\377\000F\000i\000n\000a\000l\000\040\000S\000y\000s\000t\000e\000m\000\040\000I\000m\000p\000l\000e\000m\000e\000n\000t\000a\000t\000i\000o\000n}{chapter.11}% 173
\BOOKMARK [1][-]{section.11.5}{\376\377\000F\000i\000n\000a\000l\000\040\000R\000e\000s\000u\000l\000t\000s}{chapter.11}% 174
\BOOKMARK [1][-]{section.11.6}{\376\377\000S\000a\000m\000p\000l\000e\000\040\000O\000u\000t\000p\000u\000t\000s}{chapter.11}% 175
\BOOKMARK [1][-]{section.11.7}{\376\377\000R\000e\000s\000u\000l\000t\000s\000\040\000D\000i\000s\000c\000u\000s\000s\000i\000o\000n}{chapter.11}% 176
\BOOKMARK [1][-]{section.11.8}{\376\377\000A\000c\000h\000i\000e\000v\000e\000m\000e\000n\000t\000\040\000o\000f\000\040\000P\000r\000o\000j\000e\000c\000t\000\040\000O\000b\000j\000e\000c\000t\000i\000v\000e\000s}{chapter.11}% 177
\BOOKMARK [1][-]{section.11.9}{\376\377\000L\000i\000m\000i\000t\000a\000t\000i\000o\000n\000s\000\040\000o\000f\000\040\000t\000h\000e\000\040\000F\000i\000n\000a\000l\000\040\000S\000y\000s\000t\000e\000m}{chapter.11}% 178
\BOOKMARK [0][-]{chapter.12}{\376\377\000S\000D\000G\000,\000\040\000S\000u\000s\000t\000a\000i\000n\000a\000b\000i\000l\000i\000t\000y\000,\000\040\000S\000a\000f\000e\000t\000y\000\040\000a\000n\000d\000\040\000S\000o\000c\000i\000e\000t\000a\000l\000\040\000I\000m\000p\000a\000c\000t}{}% 179
\BOOKMARK [1][-]{section.12.1}{\376\377\000I\000n\000t\000r\000o\000d\000u\000c\000t\000i\000o\000n}{chapter.12}% 180
\BOOKMARK [1][-]{section.12.2}{\376\377\000S\000D\000G\000\040\000A\000l\000i\000g\000n\000m\000e\000n\000t}{chapter.12}% 181
\BOOKMARK [1][-]{section.12.3}{\376\377\000S\000u\000s\000t\000a\000i\000n\000a\000b\000i\000l\000i\000t\000y\000\040\000C\000o\000n\000s\000i\000d\000e\000r\000a\000t\000i\000o\000n\000s}{chapter.12}% 182
\BOOKMARK [1][-]{section.12.4}{\376\377\000S\000a\000f\000e\000t\000y\000\040\000a\000n\000d\000\040\000E\000t\000h\000i\000c\000a\000l\000\040\000C\000o\000n\000s\000i\000d\000e\000r\000a\000t\000i\000o\000n\000s}{chapter.12}% 183
\BOOKMARK [1][-]{section.12.5}{\376\377\000S\000o\000c\000i\000e\000t\000a\000l\000\040\000I\000m\000p\000a\000c\000t}{chapter.12}% 184
\BOOKMARK [1][-]{section.12.6}{\376\377\000R\000e\000s\000p\000o\000n\000s\000i\000b\000l\000e\000\040\000U\000s\000e\000\040\000a\000n\000d\000\040\000L\000i\000m\000i\000t\000a\000t\000i\000o\000n\000s}{chapter.12}% 185
\BOOKMARK [0][-]{chapter.13}{\376\377\000P\000r\000o\000j\000e\000c\000t\000\040\000M\000a\000n\000a\000g\000e\000m\000e\000n\000t\000\040\000a\000n\000d\000\040\000T\000e\000a\000m\000\040\000C\000o\000n\000t\000r\000i\000b\000u\000t\000i\000o\000n}{}% 186
\BOOKMARK [1][-]{section.13.1}{\376\377\000I\000n\000t\000r\000o\000d\000u\000c\000t\000i\000o\000n}{chapter.13}% 187
\BOOKMARK [1][-]{section.13.2}{\376\377\000W\000o\000r\000k\000\040\000D\000i\000s\000t\000r\000i\000b\000u\000t\000i\000o\000n}{chapter.13}% 188
\BOOKMARK [1][-]{section.13.3}{\376\377\000P\000r\000o\000j\000e\000c\000t\000\040\000T\000i\000m\000e\000l\000i\000n\000e\000\040\000a\000n\000d\000\040\000M\000i\000l\000e\000s\000t\000o\000n\000e\000s}{chapter.13}% 189
\BOOKMARK [1][-]{section.13.4}{\376\377\000T\000e\000a\000m\000\040\000C\000o\000o\000r\000d\000i\000n\000a\000t\000i\000o\000n}{chapter.13}% 190
\BOOKMARK [1][-]{section.13.5}{\376\377\000T\000e\000s\000t\000i\000n\000g\000\040\000a\000n\000d\000\040\000Q\000u\000a\000l\000i\000t\000y\000\040\000A\000s\000s\000u\000r\000a\000n\000c\000e}{chapter.13}% 191
\BOOKMARK [1][-]{section.13.6}{\376\377\000V\000e\000r\000s\000i\000o\000n\000\040\000/\000\040\000P\000r\000o\000g\000r\000e\000s\000s\000\040\000T\000r\000a\000c\000k\000i\000n\000g}{chapter.13}% 192
\BOOKMARK [1][-]{section.13.7}{\376\377\000I\000n\000d\000i\000v\000i\000d\000u\000a\000l\000\040\000C\000o\000n\000t\000r\000i\000b\000u\000t\000i\000o\000n\000\040\000S\000u\000m\000m\000a\000r\000y}{chapter.13}% 193
\BOOKMARK [0][-]{chapter.14}{\376\377\000C\000o\000n\000c\000l\000u\000s\000i\000o\000n\000\040\000a\000n\000d\000\040\000F\000u\000t\000u\000r\000e\000\040\000S\000c\000o\000p\000e}{}% 194
\BOOKMARK [1][-]{section.14.1}{\376\377\000I\000n\000t\000r\000o\000d\000u\000c\000t\000i\000o\000n}{chapter.14}% 195
\BOOKMARK [1][-]{section.14.2}{\376\377\000P\000r\000o\000j\000e\000c\000t\000\040\000C\000o\000n\000c\000l\000u\000s\000i\000o\000n}{chapter.14}% 196
\BOOKMARK [1][-]{section.14.3}{\376\377\000K\000e\000y\000\040\000F\000i\000n\000d\000i\000n\000g\000s}{chapter.14}% 197
\BOOKMARK [1][-]{section.14.4}{\376\377\000P\000r\000o\000j\000e\000c\000t\000\040\000L\000i\000m\000i\000t\000a\000t\000i\000o\000n\000s}{chapter.14}% 198
\BOOKMARK [1][-]{section.14.5}{\376\377\000F\000u\000t\000u\000r\000e\000\040\000S\000c\000o\000p\000e}{chapter.14}% 199
\BOOKMARK [0][-]{chapter*.41}{\376\377\000B\000i\000b\000l\000i\000o\000g\000r\000a\000p\000h\000y}{}% 200
\BOOKMARK [0][-]{appendix.a.A}{\376\377\000A\000I\000\040\000C\000o\000m\000p\000l\000i\000a\000n\000c\000e}{}% 201
\BOOKMARK [1][-]{section.a.A.1}{\376\377\000A\000I\000\040\000T\000o\000o\000l\000s\000\040\000U\000s\000e\000d}{appendix.a.A}% 202
\BOOKMARK [1][-]{section.a.A.2}{\376\377\000N\000a\000t\000u\000r\000e\000\040\000o\000f\000\040\000A\000s\000s\000i\000s\000t\000a\000n\000c\000e}{appendix.a.A}% 203
\BOOKMARK [1][-]{section.a.A.3}{\376\377\000E\000t\000h\000i\000c\000a\000l\000\040\000C\000o\000m\000p\000l\000i\000a\000n\000c\000e\000\040\000S\000t\000a\000t\000e\000m\000e\000n\000t}{appendix.a.A}% 204
\BOOKMARK [0][-]{appendix.a.B}{\376\377\000P\000l\000a\000g\000i\000a\000r\000i\000s\000m\000\040\000R\000e\000p\000o\000r\000t}{}% 205
\BOOKMARK [0][-]{appendix.a.C}{\376\377\000A\000I\000\040\000W\000r\000i\000t\000i\000n\000g\000\040\000R\000e\000p\000o\000r\000t}{}% 206
\BOOKMARK [0][-]{appendix.a.D}{\376\377\000A\000s\000s\000e\000s\000s\000m\000e\000n\000t\000\040\000R\000u\000b\000r\000i\000c\000s}{}% 207
\BOOKMARK [0][-]{appendix.a.E}{\376\377\000S\000u\000p\000p\000o\000r\000t\000i\000n\000g\000\040\000E\000v\000i\000d\000e\000n\000c\000e}{}% 208
\BOOKMARK [1][-]{section.a.E.1}{\376\377\000D\000a\000t\000a\000s\000e\000t\000\040\000S\000a\000m\000p\000l\000e\000s}{appendix.a.E}% 209
\BOOKMARK [1][-]{section.a.E.2}{\376\377\000P\000r\000e\000p\000r\000o\000c\000e\000s\000s\000i\000n\000g\000\040\000E\000x\000a\000m\000p\000l\000e\000s}{appendix.a.E}% 210
\BOOKMARK [1][-]{section.a.E.3}{\376\377\000E\000x\000p\000e\000r\000i\000m\000e\000n\000t\000a\000l\000\040\000L\000o\000g\000s}{appendix.a.E}% 211
\BOOKMARK [1][-]{section.a.E.4}{\376\377\000A\000d\000d\000i\000t\000i\000o\000n\000a\000l\000\040\000R\000e\000s\000u\000l\000t\000s}{appendix.a.E}% 212
\BOOKMARK [1][-]{section.a.E.5}{\376\377\000I\000n\000d\000i\000v\000i\000d\000u\000a\000l\000\040\000C\000o\000n\000t\000r\000i\000b\000u\000t\000i\000o\000n\000\040\000E\000v\000i\000d\000e\000n\000c\000e}{appendix.a.E}% 213
