**
(thesis.tex
LaTeX2e <2021-11-15> patch level 1
L3 programming layer <2022-02-24> (report.cls
Document Class: report 2021/10/04 v1.4n Standard LaTeX document class
(size12.clo
File: size12.clo 2021/10/04 v1.4n Standard LaTeX file (size option)
)
\c@part=\count181
\c@chapter=\count182
\c@section=\count183
\c@subsection=\count184
\c@subsubsection=\count185
\c@paragraph=\count186
\c@subparagraph=\count187
\c@figure=\count188
\c@table=\count189
\abovecaptionskip=\skip47
\belowcaptionskip=\skip48
\bibindent=\dimen138
) (geometry.sty
Package: geometry 2020/01/02 v5.9 Page Geometry
 (keyval.sty
Package: keyval 2014/10/28 v1.15 key=value parser (DPC)
\KV@toks@=\toks16
) (ifvtex.sty
Package: ifvtex 2019/10/25 v1.7 ifvtex legacy package. Use iftex instead.
 (iftex.sty
Package: iftex 2022/02/03 v1.0f TeX engine tests
))
\Gm@cnth=\count190
\Gm@cntv=\count191
\c@Gm@tempcnt=\count192
\Gm@bindingoffset=\dimen139
\Gm@wd@mp=\dimen140
\Gm@odd@mp=\dimen141
\Gm@even@mp=\dimen142
\Gm@layoutwidth=\dimen143
\Gm@layoutheight=\dimen144
\Gm@layouthoffset=\dimen145
\Gm@layoutvoffset=\dimen146
\Gm@dimlist=\toks17
)
(graphicx.sty
Package: graphicx 2021/09/16 v1.2d Enhanced LaTeX Graphics (DPC,SPQR)
 (graphics.sty
Package: graphics 2021/03/04 v1.4d Standard LaTeX Graphics (DPC,SPQR)
 (trig.sty
Package: trig 2021/08/11 v1.11 sin cos tan (DPC)
) (graphics.cfg
File: graphics.cfg 2016/06/04 v1.11 sample graphics configuration
)
Package graphics Info: Driver file: xetex.def on input line 107.
 (xetex.def
File: xetex.def 2021/03/18 v5.0k Graphics/color driver for xetex
))
\Gin@req@height=\dimen147
\Gin@req@width=\dimen148
)
(amsmath.sty
Package: amsmath 2021/10/15 v2.17l AMS math features
\@mathmargin=\skip49

For additional information on amsmath, use the `?' option.
(amstext.sty
Package: amstext 2021/08/26 v2.01 AMS text
 (amsgen.sty
File: amsgen.sty 1999/11/30 v2.0 generic functions
\@emptytoks=\toks18
\ex@=\dimen149
)) (amsbsy.sty
Package: amsbsy 1999/11/29 v1.2d Bold Symbols
\pmbraise@=\dimen150
) (amsopn.sty
Package: amsopn 2021/08/26 v2.02 operator names
)
\inf@bad=\count193
LaTeX Info: Redefining \frac on input line 234.
\uproot@=\count194
\leftroot@=\count195
LaTeX Info: Redefining \overline on input line 399.
\classnum@=\count196
\DOTSCASE@=\count197
LaTeX Info: Redefining \ldots on input line 496.
LaTeX Info: Redefining \dots on input line 499.
LaTeX Info: Redefining \cdots on input line 620.
\Mathstrutbox@=\box50
\strutbox@=\box51
\big@size=\dimen151
LaTeX Font Info:    Redeclaring font encoding OML on input line 743.
LaTeX Font Info:    Redeclaring font encoding OMS on input line 744.
\macc@depth=\count198
\c@MaxMatrixCols=\count199
\dotsspace@=\muskip16
\c@parentequation=\count266
\dspbrk@lvl=\count267
\tag@help=\toks19
\row@=\count268
\column@=\count269
\maxfields@=\count270
\andhelp@=\toks20
\eqnshift@=\dimen152
\alignsep@=\dimen153
\tagshift@=\dimen154
\tagwidth@=\dimen155
\totwidth@=\dimen156
\lineht@=\dimen157
\@envbody=\toks21
\multlinegap=\skip50
\multlinetaggap=\skip51
\mathdisplay@stack=\toks22
LaTeX Info: Redefining \[ on input line 2938.
LaTeX Info: Redefining \] on input line 2939.
) (amssymb.sty
Package: amssymb 2013/01/14 v3.01 AMS font symbols

(amsfonts.sty
Package: amsfonts 2013/01/14 v3.01 Basic AMSFonts support
\symAMSa=\mathgroup4
\symAMSb=\mathgroup5
LaTeX Font Info:    Redeclaring math symbol \hbar on input line 98.
LaTeX Font Info:    Overwriting math alphabet `\mathfrak' in version `bold'
(Font)                  U/euf/m/n --> U/euf/b/n on input line 106.
)) (amsthm.sty
Package: amsthm 2020/05/29 v2.20.6
\thm@style=\toks23
\thm@bodyfont=\toks24
\thm@headfont=\toks25
\thm@notefont=\toks26
\thm@headpunct=\toks27
\thm@preskip=\skip52
\thm@postskip=\skip53
\thm@headsep=\skip54
\dth@everypar=\toks28
) (mathptmx.sty
Package: mathptmx 2020/03/25 PSNFSS-v9.3 Times w/ Math, improved (SPQR, WaS) 
LaTeX Font Info:    Redeclaring symbol font `operators' on input line 28.
LaTeX Font Info:    Overwriting symbol font `operators' in version `normal'
(Font)                  OT1/cmr/m/n --> OT1/ztmcm/m/n on input line 28.
LaTeX Font Info:    Overwriting symbol font `operators' in version `bold'
(Font)                  OT1/cmr/bx/n --> OT1/ztmcm/m/n on input line 28.
LaTeX Font Info:    Redeclaring symbol font `letters' on input line 29.
LaTeX Font Info:    Overwriting symbol font `letters' in version `normal'
(Font)                  OML/cmm/m/it --> OML/ztmcm/m/it on input line 29.
LaTeX Font Info:    Overwriting symbol font `letters' in version `bold'
(Font)                  OML/cmm/b/it --> OML/ztmcm/m/it on input line 29.
LaTeX Font Info:    Redeclaring symbol font `symbols' on input line 30.
LaTeX Font Info:    Overwriting symbol font `symbols' in version `normal'
(Font)                  OMS/cmsy/m/n --> OMS/ztmcm/m/n on input line 30.
LaTeX Font Info:    Overwriting symbol font `symbols' in version `bold'
(Font)                  OMS/cmsy/b/n --> OMS/ztmcm/m/n on input line 30.
LaTeX Font Info:    Redeclaring symbol font `largesymbols' on input line 31.
LaTeX Font Info:    Overwriting symbol font `largesymbols' in version `normal'
(Font)                  OMX/cmex/m/n --> OMX/ztmcm/m/n on input line 31.
LaTeX Font Info:    Overwriting symbol font `largesymbols' in version `bold'
(Font)                  OMX/cmex/m/n --> OMX/ztmcm/m/n on input line 31.
\symbold=\mathgroup6
\symitalic=\mathgroup7
LaTeX Font Info:    Redeclaring math alphabet \mathbf on input line 34.
LaTeX Font Info:    Overwriting math alphabet `\mathbf' in version `normal'
(Font)                  OT1/cmr/bx/n --> OT1/ptm/bx/n on input line 34.
LaTeX Font Info:    Overwriting math alphabet `\mathbf' in version `bold'
(Font)                  OT1/cmr/bx/n --> OT1/ptm/bx/n on input line 34.
LaTeX Font Info:    Redeclaring math alphabet \mathit on input line 35.
LaTeX Font Info:    Overwriting math alphabet `\mathit' in version `normal'
(Font)                  OT1/cmr/m/it --> OT1/ptm/m/it on input line 35.
LaTeX Font Info:    Overwriting math alphabet `\mathit' in version `bold'
(Font)                  OT1/cmr/bx/it --> OT1/ptm/m/it on input line 35.
LaTeX Info: Redefining \hbar on input line 50.
) (fontspec.sty (xparse.sty
(expl3.sty
Package: expl3 2022-02-24 L3 programming layer (loader) 
 (l3backend-xetex.def
File: l3backend-xetex.def 2022-02-07 L3 backend support: XeTeX
\c__kernel_sys_dvipdfmx_version_int=\count271
\l__color_backend_stack_int=\count272
\g__color_backend_stack_int=\count273
\g__graphics_track_int=\count274
\l__pdf_internal_box=\box52
\g__pdf_backend_object_int=\count275
\g__pdf_backend_annotation_int=\count276
\g__pdf_backend_link_int=\count277
))
Package: xparse 2022-01-12 L3 Experimental document command parser
)
Package: fontspec 2022/01/15 v2.8a Font selection for XeLaTeX and LuaLaTeX
 (fontspec-xetex.sty
Package: fontspec-xetex 2022/01/15 v2.8a Font selection for XeLaTeX and LuaLaTe
X
\l__fontspec_script_int=\count278
\l__fontspec_language_int=\count279
\l__fontspec_strnum_int=\count280
\l__fontspec_tmp_int=\count281
\l__fontspec_tmpa_int=\count282
\l__fontspec_tmpb_int=\count283
\l__fontspec_tmpc_int=\count284
\l__fontspec_em_int=\count285
\l__fontspec_emdef_int=\count286
\l__fontspec_strong_int=\count287
\l__fontspec_strongdef_int=\count288
\l__fontspec_tmpa_dim=\dimen158
\l__fontspec_tmpb_dim=\dimen159
\l__fontspec_tmpc_dim=\dimen160
 (fontenc.sty
Package: fontenc 2021/04/29 v2.0v Standard LaTeX package
)
(fontspec.cfg)))

Package fontspec Info: Could not resolve font "Nirmala UI/I" (it probably
(fontspec)             doesn't exist).


Package fontspec Info: Font family 'NirmalaUI(0)' created for font 'Nirmala
(fontspec)             UI' with options [Ligatures=TeX].
(fontspec)              
(fontspec)              This font family consists of the following NFSS
(fontspec)             series/shapes:
(fontspec)              
(fontspec)             - 'normal' (m/n) with NFSS spec.: <->"Nirmala
(fontspec)             UI/OT:script=latn;language=dflt;mapping=tex-text;"
(fontspec)             - 'small caps'  (m/sc) with NFSS spec.: 
(fontspec)             - 'bold' (b/n) with NFSS spec.: <->"Nirmala
(fontspec)             UI/B/OT:script=latn;language=dflt;mapping=tex-text;"
(fontspec)             - 'bold small caps'  (b/sc) with NFSS spec.: 
(fontspec)             - 'bold italic' (b/it) with NFSS spec.: <->"Nirmala
(fontspec)             UI/BI/OT:script=latn;language=dflt;mapping=tex-text;"
(fontspec)             - 'bold italic small caps'  (b/scit) with NFSS spec.: 

 (blindtext.sty
Package: blindtext 2012/01/06 V2.0 blindtext-Package
 (xspace.sty
Package: xspace 2014/10/28 v1.13 Space after command names (DPC,MH)
)
\c@blindtext=\count289
\c@Blindtext=\count290
\c@blind@countparstart=\count291
\blind@countxx=\count292
\blindtext@numBlindtext=\count293
\blind@countyy=\count294
\c@blindlist=\count295
\c@blindlistlevel=\count296
\c@blindlist@level=\count297
\blind@listitem=\count298
\c@blind@listcount=\count299
\c@blind@levelcount=\count300
\blind@mathformula=\count301
\blind@Mathformula=\count302
\c@blind@randomcount=\count303
\c@blind@randommax=\count304
\c@blind@pangramcount=\count305
\c@blind@pangrammax=\count306
) (setspace.sty
Package: setspace 2011/12/19 v6.7a set line spacing
) (titlesec.sty
Package: titlesec 2021/07/05 v2.14 Sectioning titles
\ttl@box=\box53
\beforetitleunit=\skip55
\aftertitleunit=\skip56
\ttl@plus=\dimen161
\ttl@minus=\dimen162
\ttl@toksa=\toks29
\titlewidth=\dimen163
\titlewidthlast=\dimen164
\titlewidthfirst=\dimen165
)
(fancyhdr.sty
Package: fancyhdr 2021/01/28 v4.0.1 Extensive control of page headers and foote
rs
\f@nch@headwidth=\skip57
\f@nch@O@elh=\skip58
\f@nch@O@erh=\skip59
\f@nch@O@olh=\skip60
\f@nch@O@orh=\skip61
\f@nch@O@elf=\skip62
\f@nch@O@erf=\skip63
\f@nch@O@olf=\skip64
\f@nch@O@orf=\skip65
) (booktabs.sty
Package: booktabs 2020/01/12 v1.61803398 Publication quality tables
\heavyrulewidth=\dimen166
\lightrulewidth=\dimen167
\cmidrulewidth=\dimen168
\belowrulesep=\dimen169
\belowbottomsep=\dimen170
\aboverulesep=\dimen171
\abovetopsep=\dimen172
\cmidrulesep=\dimen173
\cmidrulekern=\dimen174
\defaultaddspace=\dimen175
\@cmidla=\count307
\@cmidlb=\count308
\@aboverulesep=\dimen176
\@belowrulesep=\dimen177
\@thisruleclass=\count309
\@lastruleclass=\count310
\@thisrulewidth=\dimen178
) (pdflscape.sty
Package: pdflscape 2019/12/05 v0.12 Display of landscape pages in PDF (HO)
 (lscape.sty
Package: lscape 2020/05/28 v3.02 Landscape Pages (DPC)
)
Package pdflscape Info: Auto-detected driver: dvipdfm (xetex) on input line 98.

 (atbegshi-ltx.sty
Package: atbegshi-ltx 2021/01/10 v1.0c Emulation of the original atbegshi
package with kernel methods
))
(multirow.sty
Package: multirow 2021/03/15 v2.8 Span multiple rows of a table
\multirow@colwidth=\skip66
\multirow@cntb=\count311
\multirow@dima=\skip67
\bigstrutjot=\dimen179
) (appendix.sty
Package: appendix 2020/02/08 v1.2c extra appendix facilities
\c@@pps=\count312
\c@@ppsavesec=\count313
\c@@ppsaveapp=\count314
) (array.sty
Package: array 2021/10/04 v2.5f Tabular extension package (FMi)
\col@sep=\dimen180
\ar@mcellbox=\box54
\extrarowheight=\dimen181
\NC@list=\toks30
\extratabsurround=\skip68
\backup@length=\skip69
\ar@cellbox=\box55
) (longtable.sty
Package: longtable 2021-09-01 v4.17 Multi-page Table package (DPC)
\LTleft=\skip70
\LTright=\skip71
\LTpre=\skip72
\LTpost=\skip73
\LTchunksize=\count315
\LTcapwidth=\dimen182
\LT@head=\box56
\LT@firsthead=\box57
\LT@foot=\box58
\LT@lastfoot=\box59
\LT@gbox=\box60
\LT@cols=\count316
\LT@rows=\count317
\c@LT@tables=\count318
\c@LT@chunks=\count319
\LT@p@ftn=\toks31
) (float.sty
Package: float 2001/11/08 v1.3d Float enhancements (AL)
\c@float@type=\count320
\float@exts=\toks32
\float@box=\box61
\@float@everytoks=\toks33
\@floatcapt=\box62
)
(caption.sty
Package: caption 2022/03/01 v3.6b Customizing captions (AR)
 (caption3.sty
Package: caption3 2022/03/17 v2.3b caption3 kernel (AR)
\caption@tempdima=\dimen183
\captionmargin=\dimen184
\caption@leftmargin=\dimen185
\caption@rightmargin=\dimen186
\caption@width=\dimen187
\caption@indent=\dimen188
\caption@parindent=\dimen189
\caption@hangindent=\dimen190
Package caption Info: Standard document class detected.
)
\c@caption@flags=\count321
\c@continuedfloat=\count322
Package caption Info: float package is loaded.
Package caption Info: longtable package is loaded.
 (ltcaption.sty
Package: ltcaption 2021/01/08 v1.4c longtable captions (AR)
)) (enumitem.sty
Package: enumitem 2019/06/20 v3.9 Customized lists
\labelindent=\skip74
\enit@outerparindent=\dimen191
\enit@toks=\toks34
\enit@inbox=\box63
\enit@count@id=\count323
\enitdp@description=\count324
) (ragged2e.sty
Package: ragged2e 2021/12/15 v3.1 ragged2e Package
\CenteringLeftskip=\skip75
\RaggedLeftLeftskip=\skip76
\RaggedRightLeftskip=\skip77
\CenteringRightskip=\skip78
\RaggedLeftRightskip=\skip79
\RaggedRightRightskip=\skip80
\CenteringParfillskip=\skip81
\RaggedLeftParfillskip=\skip82
\RaggedRightParfillskip=\skip83
\JustifyingParfillskip=\skip84
\CenteringParindent=\skip85
\RaggedLeftParindent=\skip86
\RaggedRightParindent=\skip87
\JustifyingParindent=\skip88
)
(tocloft.sty
Package: tocloft 2017/08/31 v2.3i parameterised ToC, etc., typesetting
Package tocloft Info: The document has chapter divisions on input line 51.
\cftparskip=\skip89
\cftbeforetoctitleskip=\skip90
\cftaftertoctitleskip=\skip91
\cftbeforepartskip=\skip92
\cftpartnumwidth=\skip93
\cftpartindent=\skip94
\cftbeforechapskip=\skip95
\cftchapindent=\skip96
\cftchapnumwidth=\skip97
\cftbeforesecskip=\skip98
\cftsecindent=\skip99
\cftsecnumwidth=\skip100
\cftbeforesubsecskip=\skip101
\cftsubsecindent=\skip102
\cftsubsecnumwidth=\skip103
\cftbeforesubsubsecskip=\skip104
\cftsubsubsecindent=\skip105
\cftsubsubsecnumwidth=\skip106
\cftbeforeparaskip=\skip107
\cftparaindent=\skip108
\cftparanumwidth=\skip109
\cftbeforesubparaskip=\skip110
\cftsubparaindent=\skip111
\cftsubparanumwidth=\skip112
\cftbeforeloftitleskip=\skip113
\cftafterloftitleskip=\skip114
\cftbeforefigskip=\skip115
\cftfigindent=\skip116
\cftfignumwidth=\skip117
\c@lofdepth=\count325
\c@lotdepth=\count326
\cftbeforelottitleskip=\skip118
\cftafterlottitleskip=\skip119
\cftbeforetabskip=\skip120
\cfttabindent=\skip121
\cfttabnumwidth=\skip122
) (tocbibind.sty
Package: tocbibind 2010/10/13 v1.5k extra ToC listings
Package tocbibind Info: The document has chapter divisions on input line 50.


Package tocbibind Note: Using chapter style headings, unless overridden.

) (hyperref.sty
Package: hyperref 2022-02-21 v7.00n Hypertext links for LaTeX
 (ltxcmds.sty
Package: ltxcmds 2020-05-10 v1.25 LaTeX kernel commands for general use (HO)
) (pdftexcmds.sty
Package: pdftexcmds 2020-06-27 v0.33 Utility functions of pdfTeX for LuaTeX (HO
)
 (infwarerr.sty
Package: infwarerr 2019/12/03 v1.5 Providing info/warning/error messages (HO)
)
Package pdftexcmds Info: \pdf@primitive is available.
Package pdftexcmds Info: \pdf@ifprimitive is available.
Package pdftexcmds Info: \pdfdraftmode not found.
) (kvsetkeys.sty
Package: kvsetkeys 2019/12/15 v1.18 Key value parser (HO)
)
(kvdefinekeys.sty
Package: kvdefinekeys 2019-12-19 v1.6 Define keys (HO)
) (pdfescape.sty
Package: pdfescape 2019/12/09 v1.15 Implements pdfTeX's escape features (HO)
) (hycolor.sty
Package: hycolor 2020-01-27 v1.10 Color options for hyperref/bookmark (HO)
) (letltxmacro.sty
Package: letltxmacro 2019/12/03 v1.6 Let assignment for LaTeX macros (HO)
) (auxhook.sty
Package: auxhook 2019-12-17 v1.6 Hooks for auxiliary files (HO)
) (kvoptions.sty
Package: kvoptions 2020-10-07 v3.14 Key value format for package options (HO)
)
\@linkdim=\dimen192
\Hy@linkcounter=\count327
\Hy@pagecounter=\count328
 (pd1enc.def
File: pd1enc.def 2022-02-21 v7.00n Hyperref: PDFDocEncoding definition (HO)
) (intcalc.sty
Package: intcalc 2019/12/15 v1.3 Expandable calculations with integers (HO)
) (etexcmds.sty
Package: etexcmds 2019/12/15 v1.7 Avoid name clashes with e-TeX commands (HO)
)
\Hy@SavedSpaceFactor=\count329
 (puenc.def
File: puenc.def 2022-02-21 v7.00n Hyperref: PDF Unicode definition (HO)
)
Package hyperref Info: Hyper figures OFF on input line 4137.
Package hyperref Info: Link nesting OFF on input line 4142.
Package hyperref Info: Hyper index ON on input line 4145.
Package hyperref Info: Plain pages OFF on input line 4152.
Package hyperref Info: Backreferencing OFF on input line 4157.
Package hyperref Info: Implicit mode ON; LaTeX internals redefined.
Package hyperref Info: Bookmarks ON on input line 4390.
\c@Hy@tempcnt=\count330

(url.sty
\Urlmuskip=\muskip17
Package: url 2013/09/16  ver 3.4  Verb mode for urls, etc.
)
LaTeX Info: Redefining \url on input line 4749.
\XeTeXLinkMargin=\dimen193
 (bitset.sty
Package: bitset 2019/12/09 v1.3 Handle bit-vector datatype (HO)
 (bigintcalc.sty
Package: bigintcalc 2019/12/15 v1.5 Expandable calculations on big integers (HO
)
))
\Fld@menulength=\count331
\Field@Width=\dimen194
\Fld@charsize=\dimen195
Package hyperref Info: Hyper figures OFF on input line 6027.
Package hyperref Info: Link nesting OFF on input line 6032.
Package hyperref Info: Hyper index ON on input line 6035.
Package hyperref Info: backreferencing OFF on input line 6042.
Package hyperref Info: Link coloring OFF on input line 6047.
Package hyperref Info: Link coloring with OCG OFF on input line 6052.
Package hyperref Info: PDF/A mode OFF on input line 6057.
LaTeX Info: Redefining \ref on input line 6097.
LaTeX Info: Redefining \pageref on input line 6101.
\Hy@abspage=\count332
\c@Item=\count333
\c@Hfootnote=\count334
)
Package hyperref Info: Driver (autodetected): hxetex.
 (hxetex.def
File: hxetex.def 2022-02-21 v7.00n Hyperref driver for XeTeX
 (stringenc.sty
Package: stringenc 2019/11/29 v1.12 Convert strings between diff. encodings (HO
)
)
\pdfm@box=\box64
\c@Hy@AnnotLevel=\count335
\HyField@AnnotCount=\count336
\Fld@listcount=\count337
\c@bookmark@seq@number=\count338

(rerunfilecheck.sty
Package: rerunfilecheck 2019/12/05 v1.9 Rerun checks for auxiliary files (HO)
 (atveryend-ltx.sty
Package: atveryend-ltx 2020/08/19 v1.0a Emulation of the original atveryend pac
kage
with kernel methods
) (uniquecounter.sty
Package: uniquecounter 2019/12/15 v1.4 Provide unlimited unique counter (HO)
)
Package uniquecounter Info: New unique counter `rerunfilecheck' on input line 2
86.
)
\Hy@SectionHShift=\skip123
) (cleveref.sty
Package: cleveref 2018/03/27 v0.21.4 Intelligent cross-referencing
Package cleveref Info: `hyperref' support loaded on input line 2370.
LaTeX Info: Redefining \cref on input line 2370.
LaTeX Info: Redefining \Cref on input line 2370.
LaTeX Info: Redefining \crefrange on input line 2370.
LaTeX Info: Redefining \Crefrange on input line 2370.
LaTeX Info: Redefining \cpageref on input line 2370.
LaTeX Info: Redefining \Cpageref on input line 2370.
LaTeX Info: Redefining \cpagerefrange on input line 2370.
LaTeX Info: Redefining \Cpagerefrange on input line 2370.
LaTeX Info: Redefining \labelcref on input line 2370.
LaTeX Info: Redefining \labelcpageref on input line 2370.
Package cleveref Info: `amsthm' support loaded on input line 3026.
)
(xcolor.sty
Package: xcolor 2021/10/31 v2.13 LaTeX color extensions (UK)
 (color.cfg
File: color.cfg 2016/01/02 v1.6 sample color configuration
)
Package xcolor Info: Driver file: xetex.def on input line 227.
Package xcolor Info: Model `cmy' substituted by `cmy0' on input line 1352.
Package xcolor Info: Model `RGB' extended on input line 1368.
Package xcolor Info: Model `HTML' substituted by `rgb' on input line 1370.
Package xcolor Info: Model `Hsb' substituted by `hsb' on input line 1371.
Package xcolor Info: Model `tHsb' substituted by `hsb' on input line 1372.
Package xcolor Info: Model `HSB' substituted by `hsb' on input line 1373.
Package xcolor Info: Model `Gray' substituted by `gray' on input line 1374.
Package xcolor Info: Model `wave' substituted by `hsb' on input line 1375.
) (babel.sty
Package: babel 2022/02/26 3.73 The Babel package
\babel@savecnt=\count339
\U@D=\dimen196
\l@unhyphenated=\language87
 (xebabel.def (txtbabel.def))
\bbl@readstream=\read2
\bbl@dirlevel=\count340
 (english.ldf
Language: english 2017/06/06 v3.3r English support from the babel system
Package babel Info: Hyphen rules for 'canadian' set to \l@english
(babel)             (\language0). Reported on input line 102.
Package babel Info: Hyphen rules for 'australian' set to \l@ukenglish
(babel)             (\language21). Reported on input line 105.
Package babel Info: Hyphen rules for 'newzealand' set to \l@ukenglish
(babel)             (\language21). Reported on input line 108.
)) (zref-lastpage.sty
Package: zref-lastpage 2020-07-03 v2.32 Module lastpage for zref (HO)
 (zref-base.sty
Package: zref-base 2020-07-03 v2.32 Module base for zref (HO)
Package zref Info: New property list: main on input line 764.
Package zref Info: New property: default on input line 765.
Package zref Info: New property: page on input line 766.
) (zref-abspage.sty
Package: zref-abspage 2020-07-03 v2.32 Module abspage for zref (HO)
\c@abspage=\count341
Package zref Info: New property: abspage on input line 66.
)
Package zref Info: New property list: LastPage on input line 59.
) (pdfpages.sty
Package: pdfpages 2022/01/29 v0.5u Insert pages of external PDF documents (AM)

(ifthen.sty
Package: ifthen 2020/11/24 v1.1c Standard LaTeX ifthen package (DPC)
) (calc.sty
Package: calc 2017/05/25 v4.3 Infix arithmetic (KKT,FJ)
\calc@Acount=\count342
\calc@Bcount=\count343
\calc@Adimen=\dimen197
\calc@Bdimen=\dimen198
\calc@Askip=\skip124
\calc@Bskip=\skip125
LaTeX Info: Redefining \setlength on input line 80.
LaTeX Info: Redefining \addtolength on input line 81.
\calc@Ccount=\count344
\calc@Cskip=\skip126
) (eso-pic.sty
Package: eso-pic 2020/10/14 v3.0a eso-pic (RN)
\ESO@tempdima=\dimen199
\ESO@tempdimb=\dimen256
)
\AM@pagewidth=\dimen257
\AM@pageheight=\dimen258
\AM@fboxrule=\dimen259
 (ppxetex.def
File: ppxetex.def 2022/01/29 v0.5u Pdfpages driver for XeTeX (AM)
)
\pdfpages@includegraphics@status=\count345
\AM@pagebox=\box65
\AM@global@opts=\toks35
\AM@pagecnt=\count346
\AM@toc@title=\toks36
\c@AM@survey=\count347
\AM@templatesizebox=\box66
) (config.tex) (thesis.aux
(front_matter/title_page.aux) (front_matter/certificate.aux)
(front_matter/candidate's_declaration.aux)
(front_matter/Certificate_of_Plag_Check.aux) (front_matter/acknowledgements.aux
) (front_matter/dedication.aux) (front_matter/Abstract.aux)
(chapters/01_Problem_Identification.aux) (chapters/02_Literature_Review.aux)
(chapters/03_Dataset_Collection.aux) (chapters/04_Data_Preparation.aux)
(chapters/05_NLP_Pipeline_design.aux)
(chapters/06_NLP_System Implementation.aux)
(chapters/07_Experimentation_and_Model_Development.aux)
(chapters/08_Individual_Technical_Contribution.aux)
(chapters/09_Model_Evaluation_and_Validation.aux)
(chapters/10_Error_Analysis_and_Model_Improvement.aux)
(chapters/11_Final_System_and_Results.aux)
(chapters/12_SDG_Sustainability_Safety_and_Societal_Impact.aux)
(chapters/13_Project_Management_and_Team_Contribution.aux)
(chapters/14_Conclusion_and_Future_Scope.aux) (appendices/appendix.aux))
\openout1 = `thesis.aux'.

LaTeX Font Info:    Checking defaults for OML/cmm/m/it on input line 104.
LaTeX Font Info:    ... okay on input line 104.
LaTeX Font Info:    Checking defaults for OMS/cmsy/m/n on input line 104.
LaTeX Font Info:    ... okay on input line 104.
LaTeX Font Info:    Checking defaults for OT1/cmr/m/n on input line 104.
LaTeX Font Info:    ... okay on input line 104.
LaTeX Font Info:    Checking defaults for T1/cmr/m/n on input line 104.
LaTeX Font Info:    ... okay on input line 104.
LaTeX Font Info:    Checking defaults for TS1/cmr/m/n on input line 104.
LaTeX Font Info:    Trying to load font information for TS1+cmr on input line 1
04.

(ts1cmr.fd
File: ts1cmr.fd 2019/12/16 v2.5j Standard LaTeX font definitions
)
LaTeX Font Info:    ... okay on input line 104.
LaTeX Font Info:    Checking defaults for TU/lmr/m/n on input line 104.
LaTeX Font Info:    ... okay on input line 104.
LaTeX Font Info:    Checking defaults for OMX/cmex/m/n on input line 104.
LaTeX Font Info:    ... okay on input line 104.
LaTeX Font Info:    Checking defaults for U/cmr/m/n on input line 104.
LaTeX Font Info:    ... okay on input line 104.
LaTeX Font Info:    Checking defaults for PD1/pdf/m/n on input line 104.
LaTeX Font Info:    ... okay on input line 104.
LaTeX Font Info:    Checking defaults for PU/pdf/m/n on input line 104.
LaTeX Font Info:    ... okay on input line 104.

*geometry* driver: auto-detecting
*geometry* detected driver: xetex
*geometry* verbose mode - [ preamble ] result:
* driver: xetex
* paper: a4paper
* layout: <same size as paper>
* layoutoffset:(h,v)=(0.0pt,0.0pt)
* modes: 
* h-part:(L,W,R)=(85.35826pt, 441.01773pt, 71.13188pt)
* v-part:(T,H,B)=(71.13188pt, 711.31891pt, 62.59605pt)
* \paperwidth=597.50787pt
* \paperheight=845.04684pt
* \textwidth=441.01773pt
* \textheight=711.31891pt
* \oddsidemargin=13.08827pt
* \evensidemargin=13.08827pt
* \topmargin=-38.1381pt
* \headheight=15.0pt
* \headsep=25.0pt
* \topskip=12.0pt
* \footskip=30.0pt
* \marginparwidth=35.0pt
* \marginparsep=10.0pt
* \columnsep=10.0pt
* \skip\footins=10.8pt plus 4.0pt minus 2.0pt
* \hoffset=0.0pt
* \voffset=0.0pt
* \mag=1000
* \@twocolumnfalse
* \@twosidefalse
* \@mparswitchfalse
* \@reversemarginfalse
* (1in=72.27pt=25.4mm, 1cm=28.453pt)

Package caption Info: Begin \AtBeginDocument code.
Package caption Info: hyperref package is loaded.
Package caption Info: End \AtBeginDocument code.
Package hyperref Info: Link coloring OFF on input line 104.
(nameref.sty
Package: nameref 2021-04-02 v2.47 Cross-referencing by name of section
 (refcount.sty
Package: refcount 2019/12/15 v3.6 Data extraction from label references (HO)
) (gettitlestring.sty
Package: gettitlestring 2019/12/15 v1.6 Cleanup title references (HO)
)
\c@section@level=\count348
)
LaTeX Info: Redefining \ref on input line 104.
LaTeX Info: Redefining \pageref on input line 104.
LaTeX Info: Redefining \nameref on input line 104.
 (thesis.out) (thesis.out)
\@outlinefile=\write3
\openout3 = `thesis.out'.

\openout2 = `front_matter/title_page.aux'.


(front_matter/title_page.tex

LaTeX Font Warning: Font shape `TU/NirmalaUI(0)/m/it' undefined
(Font)              using `TU/NirmalaUI(0)/m/n' instead on input line 13.

LaTeX Font Info:    Trying to load font information for OT1+ztmcm on input line
 43.
(ot1ztmcm.fd
File: ot1ztmcm.fd 2000/01/03 Fontinst v1.801 font definitions for OT1/ztmcm.
)
LaTeX Font Info:    Trying to load font information for OML+ztmcm on input line
 43.
 (omlztmcm.fd
File: omlztmcm.fd 2000/01/03 Fontinst v1.801 font definitions for OML/ztmcm.
)
LaTeX Font Info:    Trying to load font information for OMS+ztmcm on input line
 43.
 (omsztmcm.fd
File: omsztmcm.fd 2000/01/03 Fontinst v1.801 font definitions for OMS/ztmcm.
)
LaTeX Font Info:    Trying to load font information for OMX+ztmcm on input line
 43.
 (omxztmcm.fd
File: omxztmcm.fd 2000/01/03 Fontinst v1.801 font definitions for OMX/ztmcm.
)
LaTeX Font Info:    Trying to load font information for OT1+ptm on input line 4
3.
 (ot1ptm.fd
File: ot1ptm.fd 2001/06/04 font definitions for OT1/ptm.
)
LaTeX Font Info:    Font shape `OT1/ptm/bx/n' in size <12> not available
(Font)              Font shape `OT1/ptm/b/n' tried instead on input line 43.
LaTeX Font Info:    Font shape `OT1/ptm/bx/n' in size <9> not available
(Font)              Font shape `OT1/ptm/b/n' tried instead on input line 43.
LaTeX Font Info:    Font shape `OT1/ptm/bx/n' in size <7> not available
(Font)              Font shape `OT1/ptm/b/n' tried instead on input line 43.
File: images/SAKEC_logo.png Graphic file (type bmp)
<images/SAKEC_logo.png>
) [1


]
\openout2 = `front_matter/certificate.aux'.


(front_matter/certificate.tex
File: images/Header.png Graphic file (type bmp)
<images/Header.png>
) [2



]
\openout2 = `"front_matter/candidate's_declaration.aux"'.

 (front_matter/candidate's_declaration.tex
Overfull \hbox (10.03392pt too wide) in paragraph at lines 17--31
[]\TU/NirmalaUI(0)/m/it/12 submitted in partial fulfillment of the requirements
 for the \TU/NirmalaUI(0)/b/n/12 Semester V \TU/NirmalaUI(0)/m/it/12 Self-Learn
ing
 []

) [3



]
\openout2 = `front_matter/Certificate_of_Plag_Check.aux'.

 (front_matter/Certificate_of_Plag_Check.tex
File: images/Header.png Graphic file (type bmp)
<images/Header.png>

Overfull \hbox (10.97357pt too wide) in alignment at lines 21--90
 [] [] 
 []

[4



]) [5]
\openout2 = `front_matter/acknowledgements.aux'.

 (front_matter/acknowledgements.tex
Overfull \hbox (6.14557pt too wide) in paragraph at lines 23--27
\TU/NirmalaUI(0)/b/n/12 puter Engineering\TU/NirmalaUI(0)/m/it/12 , for continu
ous encouragement, motivation, and support through-
 []

) [6



]
\openout2 = `front_matter/dedication.aux'.

 (front_matter/dedication.tex [7



])
\openout2 = `front_matter/Abstract.aux'.

 (front_matter/Abstract.tex) [8




]
(thesis.toc
Overfull \hbox (12.27469pt too wide) in paragraph at lines 19--19
 [][] [][]\TU/NirmalaUI(0)/m/it/12 IndicTrans2: Towards High-Quality and Access
ible Machine Trans- 
 []


Overfull \hbox (6.57059pt too wide) in paragraph at lines 22--22
 [][] [][]\TU/NirmalaUI(0)/m/it/12 FinBERT: Financial Sentiment Analysis with P
re-trained Language 
 []

[1


] [2] [3] [4] [5] [6])
\tf@toc=\write4
\openout4 = `thesis.toc'.

 [7] (thesis.lof)
\tf@lof=\write5
\openout5 = `thesis.lof'.

 [8] (thesis.lot [9])
\tf@lot=\write6
\openout6 = `thesis.lot'.

 [10]
\openout2 = `chapters/01_Problem_Identification.aux'.


(chapters/01_Problem_Identification.tex
Chapter 1.
[1



]
Overfull \hbox (11.13266pt too wide) in paragraph at lines 42--43
[]\TU/NirmalaUI(0)/m/it/12 Manual reading and interpretation of clause-heavy do
cuments is time-consuming
 []

[2] [3] [4] [5]
Overfull \hbox (15.6268pt too wide) in paragraph at lines 134--135
[]\TU/NirmalaUI(0)/m/it/12 Sufficient computing resources are available for exp
erimentation with transformer-
 []

)
Overfull \hbox (1.3229pt too wide) in paragraph at lines 154--126
\TU/NirmalaUI(0)/m/it/12 understanding, discussed its background and significan
ce, defined the problem state-
 []

[6]
\openout2 = `chapters/02_Literature_Review.aux'.

 (chapters/02_Literature_Review.tex
Chapter 2.
[7




]
Overfull \hbox (10.97359pt too wide) in alignment at lines 17--24
 [] [] 
 []


Overfull \hbox (10.97359pt too wide) in alignment at lines 24--29
 [] [] 
 []


Underfull \hbox (badness 1389) in paragraph at lines 32--33
[]|\TU/NirmalaUI(0)/m/it/12 J. Gala, P. A. Chitale, A. K. Raghavan, V. Gumma,
 []


Underfull \hbox (badness 1067) in paragraph at lines 40--41
[]|\TU/NirmalaUI(0)/m/it/12 Jay Gala, Pranjal A. Chitale, A K Raghavan, Varun
 []


Underfull \hbox (badness 2359) in paragraph at lines 47--47
[]|\TU/NirmalaUI(0)/m/it/12 Publisher / Conference /
 []


Overfull \hbox (10.97359pt too wide) in alignment at lines 29--115
 [] [] 
 []

[8] [9]
Overfull \hbox (10.97359pt too wide) in alignment at lines 124--131
 [] [] 
 []


Overfull \hbox (10.97359pt too wide) in alignment at lines 131--136
 [] [] 
 []


Underfull \hbox (badness 2359) in paragraph at lines 154--154
[]|\TU/NirmalaUI(0)/m/it/12 Publisher / Conference /
 []


Underfull \hbox (badness 4752) in paragraph at lines 183--184
[]|\TU/NirmalaUI(0)/m/it/12 Translation and transliteration pair augmentation,
 []


Underfull \hbox (badness 2181) in paragraph at lines 205--206
[]\TU/NirmalaUI(0)/m/it/12 Handles both native-script and transliterated
 []


Underfull \hbox (badness 1796) in paragraph at lines 214--215
[]\TU/NirmalaUI(0)/m/it/12 Large model size increases inference latency
 []


Overfull \hbox (10.97359pt too wide) in alignment at lines 136--222
 [] [] 
 []

[10] [11]
Overfull \hbox (10.97359pt too wide) in alignment at lines 233--240
 [] [] 
 []


Overfull \hbox (10.97359pt too wide) in alignment at lines 240--245
 [] [] 
 []


Underfull \hbox (badness 2302) in paragraph at lines 256--257
\TU/NirmalaUI(0)/m/it/12 Kripabandhu Ghosh, Shouvik Kumar Guha, Arnab
 []


Underfull \hbox (badness 2359) in paragraph at lines 263--263
[]|\TU/NirmalaUI(0)/m/it/12 Publisher / Conference /
 []


Underfull \hbox (badness 10000) in paragraph at lines 264--265
[]|\TU/NirmalaUI(0)/m/it/12 Association for Computational Linguistics (ACL-
 []


Underfull \hbox (badness 6927) in paragraph at lines 288--289
[]|\TU/NirmalaUI(0)/m/it/12 Labels derived from actual case outcomes (ac-
 []


Underfull \hbox (badness 10000) in paragraph at lines 296--297
[]|\TU/NirmalaUI(0)/m/it/12 Transformer-based contextual embeddings (BERT,
 []


Underfull \hbox (badness 10000) in paragraph at lines 300--301
[]|\TU/NirmalaUI(0)/m/it/12 Hierarchical transformer classifiers, fine-tuned
 []


Underfull \hbox (badness 10000) in paragraph at lines 308--309
[]|\TU/NirmalaUI(0)/m/it/12 Domain-adapted legal transformer models (e.g.,
 []


Underfull \hbox (badness 4072) in paragraph at lines 308--309
\TU/NirmalaUI(0)/m/it/12 general-purpose BERT on Indian legal document
 []


Overfull \hbox (10.97359pt too wide) in alignment at lines 245--331
 [] [] 
 []

[12] [13]
Overfull \hbox (0.75555pt too wide) in paragraph at lines 333--333
|[]\TU/NirmalaUI(0)/b/n/14.4 FinBERT: Financial Sentiment Analysis with Pre-tra
ined Lan-
 []


Overfull \hbox (10.97359pt too wide) in alignment at lines 340--347
 [] [] 
 []


Overfull \hbox (10.97359pt too wide) in alignment at lines 347--352
 [] [] 
 []


Underfull \hbox (badness 10000) in paragraph at lines 355--356
[]|\TU/NirmalaUI(0)/m/it/12 D. Araci, “FinBERT: Financial Sentiment Analysis
 []


Underfull \hbox (badness 1484) in paragraph at lines 355--356
\TU/NirmalaUI(0)/m/it/12 with Pre-trained Language Models,” arXiv preprint
 []


Underfull \hbox (badness 2359) in paragraph at lines 370--370
[]|\TU/NirmalaUI(0)/m/it/12 Publisher / Conference /
 []


Underfull \hbox (badness 2875) in paragraph at lines 399--400
[]|\TU/NirmalaUI(0)/m/it/12 Standard BERT tokenization (WordPiece), domain-
 []


Underfull \hbox (badness 3058) in paragraph at lines 415--416
\TU/NirmalaUI(0)/m/it/12 pora improves classification accuracy substantially
 []


Underfull \hbox (badness 6252) in paragraph at lines 429--430
[]\TU/NirmalaUI(0)/m/it/12 Focused on sentiment polarity rather than
 []


Underfull \hbox (badness 2894) in paragraph at lines 430--431
[]\TU/NirmalaUI(0)/m/it/12 Domain corpus limited to news/analyst text
 []


Overfull \hbox (10.97359pt too wide) in alignment at lines 352--438
 [] [] 
 []

[14] [15]
Overfull \hbox (10.97359pt too wide) in alignment at lines 447--454
 [] [] 
 []


Overfull \hbox (10.97359pt too wide) in alignment at lines 454--459
 [] [] 
 []


Underfull \hbox (badness 2359) in paragraph at lines 477--477
[]|\TU/NirmalaUI(0)/m/it/12 Publisher / Conference /
 []


Underfull \hbox (badness 3407) in paragraph at lines 506--507
[]|\TU/NirmalaUI(0)/m/it/12 Sentence segmentation, tokenization using spaCy
 []


Overfull \hbox (10.97359pt too wide) in alignment at lines 459--545
 [] [] 
 []

[16] [17]
Overfull \hbox (10.97359pt too wide) in alignment at lines 554--561
 [] [] 
 []


Overfull \hbox (10.97359pt too wide) in alignment at lines 561--566
 [] [] 
 []


Underfull \hbox (badness 1092) in paragraph at lines 569--570
\TU/NirmalaUI(0)/m/it/12 Pre-training of Deep Bidirectional Transformers for
 []


Underfull \hbox (badness 2359) in paragraph at lines 584--584
[]|\TU/NirmalaUI(0)/m/it/12 Publisher / Conference /
 []


Underfull \hbox (badness 2126) in paragraph at lines 589--590
[]|\TU/NirmalaUI(0)/m/it/12 To introduce a bidirectional transformer language
 []


Underfull \hbox (badness 2426) in paragraph at lines 605--606
[]|\TU/NirmalaUI(0)/m/it/12 BooksCorpus and English Wikipedia (pre-training);
 []


Underfull \hbox (badness 1990) in paragraph at lines 609--610
\TU/NirmalaUI(0)/m/it/12 elling, next sentence prediction); supervised fine-
 []


Underfull \hbox (badness 1038) in paragraph at lines 621--622
[]|\TU/NirmalaUI(0)/m/it/12 Transformer encoder (BERT-Base: 12 layers, BERT-
 []


Underfull \hbox (badness 1038) in paragraph at lines 636--637
\TU/NirmalaUI(0)/m/it/12 language-specific variants such as MuRIL, In-
 []


Underfull \hbox (badness 4556) in paragraph at lines 644--645
[]\TU/NirmalaUI(0)/m/it/12 Requires labelled fine-tuning data for each
 []


Overfull \hbox (10.97359pt too wide) in alignment at lines 566--652
 [] [] 
 []

[18] [19] [20] [21] [22

]
Overfull \hbox (2.38461pt too wide) in paragraph at lines 841--842
[]\TU/NirmalaUI(0)/m/it/12 Bilingual (English + Hindi) answer generation for le
gal/financial document ques-
 []

) [23

] [24]
\openout2 = `chapters/03_Dataset_Collection.aux'.

 (chapters/03_Dataset_Collection.tex
Chapter 3.
[25




]
Overfull \hbox (10.97359pt too wide) in alignment at lines 51--58
 [] [] 
 []


Overfull \hbox (10.97359pt too wide) in alignment at lines 58--63
 [] [] 
 []


Underfull \hbox (badness 1127) in paragraph at lines 94--95
[]|\TU/NirmalaUI(0)/m/it/12 400 records, 4 columns (\TU/lmtt/m/n/12 ID\TU/Nirma
laUI(0)/m/it/12 , \TU/lmtt/m/n/12 Text\TU/NirmalaUI(0)/m/it/12 , \TU/lmtt/m/n/1
2 Document_Type\TU/NirmalaUI(0)/m/it/12 ,
 []


Overfull \hbox (10.97359pt too wide) in alignment at lines 63--121
 [] [] 
 []

[26]
Overfull \hbox (10.97357pt too wide) in alignment at lines 132--139
 [] [] 
 []


Overfull \hbox (10.97357pt too wide) in alignment at lines 139--144
 [] [] 
 []


Underfull \hbox (badness 10000) in paragraph at lines 150--150
[]|\TU/NirmalaUI(0)/m/it/12 Number of Classes (Docu-
 []


Underfull \hbox (badness 10000) in paragraph at lines 158--158
[]|\TU/NirmalaUI(0)/m/it/12 Class Labels (Document_Type
 []


Underfull \hbox (badness 10000) in paragraph at lines 166--166
[]|\TU/NirmalaUI(0)/m/it/12 Average Sentence/Record
 []


Underfull \hbox (badness 10000) in paragraph at lines 170--170
[]|\TU/NirmalaUI(0)/m/it/12 Maximum Record Length
 []


Overfull \hbox (10.97357pt too wide) in alignment at lines 144--206
 [] [] 
 []

[27]
Underfull \hbox (badness 1629) in paragraph at lines 256--257
[]|\TU/NirmalaUI(0)/m/it/12 कविता वर्मा ने एचडीएफसी लाइफ की बीमा
 []


Underfull \hbox (badness 4595) in paragraph at lines 256--257
\TU/NirmalaUI(0)/m/it/12 पॉलिसी खरीदी। बीमा कवरेज ₹2647217 है
 []


Underfull \hbox (badness 4084) in paragraph at lines 256--257
\TU/NirmalaUI(0)/m/it/12 तथा वार्षिक प्रीमियम ₹17928 है। पॉलिसी
 []


Overfull \hbox (7.93674pt too wide) in paragraph at lines 221--264
 [][] 
 []

[28] [29]
Overfull \hbox (7.81412pt too wide) in paragraph at lines 292--293
[]\TU/NirmalaUI(0)/b/it/12 Financial – Loan: \TU/NirmalaUI(0)/m/it/12 Loan sanc
tion documents specifying lender, borrower, amount,
 []


Overfull \hbox (5.25278pt too wide) in paragraph at lines 303--304
[]\TU/NirmalaUI(0)/m/it/12 Review process: Manual spot-checking of a random sam
ple of generated records
 []

[30] [31]) [32] [33]
\openout2 = `chapters/04_Data_Preparation.aux'.

 (chapters/04_Data_Preparation.tex
Chapter 4.
[34




]
Underfull \hbox (badness 10000) in paragraph at lines 28--28
[]|\TU/NirmalaUI(0)/b/it/12 Applied
 []


Overfull \hbox (23.37357pt too wide) in alignment at lines 22--32
 [] [] [] 
 []


Underfull \hbox (badness 10000) in paragraph at lines 36--36
[]|\TU/NirmalaUI(0)/b/it/12 Applied
 []


Overfull \hbox (23.37357pt too wide) in alignment at lines 32--40
 [] [] [] 
 []


Underfull \hbox (badness 10000) in paragraph at lines 42--42
[]|\TU/NirmalaUI(0)/m/it/12 No (none
 []


Underfull \hbox (badness 10000) in paragraph at lines 44--44
[]|\TU/NirmalaUI(0)/m/it/12 No (none
 []


Underfull \hbox (badness 2111) in paragraph at lines 46--46
[]|\TU/NirmalaUI(0)/m/it/12 Legal/financial document text does
 []


Underfull \hbox (badness 2644) in paragraph at lines 52--52
[]|\TU/NirmalaUI(0)/m/it/12 Devanagari full stop (।) and stan-
 []


Underfull \hbox (badness 4120) in paragraph at lines 52--52
\TU/NirmalaUI(0)/m/it/12 dard punctuation are retained, as
 []


Underfull \hbox (badness 1521) in paragraph at lines 52--52
\TU/NirmalaUI(0)/m/it/12 only extraneous symbols would be
 []


Underfull \hbox (badness 10000) in paragraph at lines 62--62
[]|\TU/NirmalaUI(0)/m/it/12 Extra/leading/trailing whitespace
 []


Underfull \hbox (badness 2495) in paragraph at lines 62--62
\TU/NirmalaUI(0)/m/it/12 is normalized to ensure consistent
 []


Underfull \hbox (badness 10000) in paragraph at lines 64--64
[]|\TU/NirmalaUI(0)/m/it/12 Language-specific Clean-
 []


Overfull \hbox (23.37357pt too wide) in alignment at lines 40--66
 [] [] [] 
 []

[35]
Underfull \hbox (badness 1629) in paragraph at lines 103--105
[]|\TU/NirmalaUI(0)/m/it/12 [ऋण, दस्तावेज़, के, अनुसार, भारतीय, स्टेट,
 []

[36]
Underfull \hbox (badness 10000) in paragraph at lines 136--138
[]|\TU/NirmalaUI(0)/m/it/12 No (retained for transformer-based
 []


Underfull \hbox (badness 10000) in paragraph at lines 148--150
[]|\TU/NirmalaUI(0)/m/it/12 Contextual transformer models require
 []


Underfull \hbox (badness 2556) in paragraph at lines 148--150
\TU/NirmalaUI(0)/m/it/12 complete sentence structure; stopwords
 []

[37] [38]
Underfull \hbox (badness 3078) in paragraph at lines 203--203
[]|\TU/NirmalaUI(0)/m/it/12 Whitespace Normal-
 []


Underfull \hbox (badness 3746) in paragraph at lines 216--216
[]|\TU/NirmalaUI(0)/m/it/12 कर्मचारी को ₹31717 मासिक
 []


Underfull \hbox (badness 3746) in paragraph at lines 217--219
[]|\TU/NirmalaUI(0)/m/it/12 कर्मचारी को ₹31717 मासिक
 []


Underfull \hbox (badness 10000) in paragraph at lines 222--222
[]|\TU/NirmalaUI(0)/m/it/12 अनुबंध की अवधि 29 माह
 []


Underfull \hbox (badness 1924) in paragraph at lines 223--225
[]|\TU/NirmalaUI(0)/m/it/12 [अनुबंध, की, अवधि, 29, माह,
 []


Underfull \hbox (badness 10000) in paragraph at lines 227--227
[]|\TU/NirmalaUI(0)/m/it/12 Stopword Removal
 []


Underfull \hbox (badness 10000) in paragraph at lines 228--228
[]|\TU/NirmalaUI(0)/m/it/12 अनुबंध की अवधि 29 माह
 []


Overfull \hbox (23.37355pt too wide) in paragraph at lines 195--234
 [][] 
 []

[39]
File: figures/class_distribution.png Graphic file (type bmp)
<figures/class_distribution.png>
 [40]
Overfull \hbox (3.55063pt too wide) in paragraph at lines 304--305
\TU/NirmalaUI(0)/m/it/12 The dataset contains \TU/NirmalaUI(0)/b/it/12 1,196 un
ique whitespace-delimited tokens \TU/NirmalaUI(0)/m/it/12 across 400 records,
 []

File: figures/sentence_length_distribution.png Graphic file (type bmp)
<figures/sentence_length_distribution.png>
File: figures/most_frequent_tokens.png Graphic file (type bmp)
<figures/most_frequent_tokens.png>
[41] [42]
File: figures/wordcloud.png Graphic file (type bmp)
<figures/wordcloud.png>
 [43]
Overfull \hbox (6.89633pt too wide) in paragraph at lines 390--391
\TU/NirmalaUI(0)/m/it/12 Figure []4.5[] illustrates the complete preprocessing 
pipeline used in the proposed project. 
 []

File: figures/preprocessing_workflow.png Graphic file (type bmp)
<figures/preprocessing_workflow.png>
[44]
Underfull \hbox (badness 1867) in paragraph at lines 439--440
[]|\TU/NirmalaUI(0)/m/it/12 Unicode-normalized Devanagari with
 []


Underfull \hbox (badness 3138) in paragraph at lines 441--442
[]|\TU/NirmalaUI(0)/m/it/12 Page-linked chunks suitable for fo-
 []

)
Overfull \hbox (7.68735pt too wide) in paragraph at lines 454--129
\TU/NirmalaUI(0)/m/it/12 This chapter presented the preprocessing techniques ap
plied to the DocSaarthi dataset
 []


Overfull \hbox (10.00415pt too wide) in paragraph at lines 454--129
\TU/NirmalaUI(0)/m/it/12 template-driven generation, and clause-based bigram pa
tterns typical of legal/financial
 []

[45] [46]
\openout2 = `chapters/05_NLP_Pipeline_design.aux'.

 (chapters/05_NLP_Pipeline_design.tex
Chapter 5.

Overfull \hbox (2.74673pt too wide) in paragraph at lines 11--12
\TU/NirmalaUI(0)/m/it/12 overall system architecture, the end-to-end workflow, 
the feature representation strat-
 []

File: figures/system_architecture.png Graphic file (type bmp)
<figures/system_architecture.png>
[47




] [48]
File: figures/workflow.png Graphic file (type bmp)
<figures/workflow.png>
 [49]
Overfull \hbox (15.80052pt too wide) in paragraph at lines 53--54
[]\TU/NirmalaUI(0)/b/it/12 Dataset Collection: \TU/NirmalaUI(0)/m/it/12 Use of 
the 400-record, dual-labelled (\TU/lmtt/m/n/12 Document_Type\TU/NirmalaUI(0)/m/
it/12 , \TU/lmtt/m/n/12 Intent\TU/NirmalaUI(0)/m/it/12 )
 []


Overfull \hbox (16.65005pt too wide) in paragraph at lines 60--61
[]\TU/NirmalaUI(0)/b/it/12 Bilingual Output Generation: \TU/NirmalaUI(0)/m/it/1
2 Classification labels, extracted fields, and question-
 []

[50]
Overfull \hbox (0.12582pt too wide) in paragraph at lines 115--116
[]\TU/NirmalaUI(0)/b/it/12 Justification: \TU/NirmalaUI(0)/m/it/12 Static embed
dings and count-based representations cannot cap-
 []

[51] [52]
Overfull \hbox (4.95337pt too wide) in paragraph at lines 181--182
\TU/NirmalaUI(0)/m/it/12 ing, feasibility of fine-tuning within the hardware co
nstraints of the micro project,
 []

[53]
Underfull \hbox (badness 10000) in paragraph at lines 205--206
[]|\TU/NirmalaUI(0)/m/it/12 Required for downloading pre-trained
 []


Underfull \hbox (badness 1430) in paragraph at lines 223--224
\TU/NirmalaUI(0)/m/it/12 (preprocessing); HuggingFace Transform-
 []

[54] [55] [56]) [57]
\openout2 = `"chapters/06_NLP_System Implementation.aux"'.

 (chapters/06_NLP_System Implementation.tex
Chapter 6.
[58




] [59] [60] [61] [62]
Overfull \hbox (5.30142pt too wide) in paragraph at lines 271--274
\TU/NirmalaUI(0)/m/it/12 The system detects whether the uploaded document conta
ins English, Hindi, or mixed-
 []

[63] [64]
Underfull \hbox (badness 10000) in paragraph at lines 382--382
[]|\TU/NirmalaUI(0)/m/it/12 PDF line-break inconsis-
 []


Underfull \hbox (badness 10000) in paragraph at lines 390--390
[]|\TU/NirmalaUI(0)/m/it/12 Important numbers and
 []

[65]
File: figures/implemented_system_architecture.png.png Graphic file (type bmp)
<figures/implemented_system_architecture.png.png>
 [66]
Overfull \hbox (2.19809pt too wide) in paragraph at lines 433--435
[]\TU/NirmalaUI(0)/b/it/12 Language Detection: \TU/NirmalaUI(0)/m/it/12 Identif
ies the language or language combination present
 []


Overfull \hbox (10.6192pt too wide) in paragraph at lines 455--458
[]\TU/NirmalaUI(0)/b/it/12 Output Module: \TU/NirmalaUI(0)/m/it/12 Displays cla
ssification, extracted information, summaries, trans-
 []

[67]
Overfull \hbox (6.81784pt too wide) in paragraph at lines 468--475
\TU/NirmalaUI(0)/m/it/12 resentation, document classification, information extr
action, translation, and question-
 []

) [68]
\openout2 = `chapters/07_Experimentation_and_Model_Development.aux'.

 (chapters/07_Experimentation_and_Model_Development.tex
Chapter 7.
[69




]
File: figures/experimental_workflow.png.png Graphic file (type bmp)
<figures/experimental_workflow.png.png>

Overfull \hbox (10.7225pt too wide) in paragraph at lines 75--79
\TU/NirmalaUI(0)/m/it/12 document text without applying the complete bilingual 
retrieval and evidence-handling
 []

[70]
Overfull \hbox (17.6401pt too wide) in paragraph at lines 130--133
\TU/NirmalaUI(0)/m/it/12 trieval, bilingual interaction, structured information
 extraction, translation, and evidence-
 []

[71]
Underfull \hbox (badness 10000) in paragraph at lines 165--166
[]|\TU/NirmalaUI(0)/m/it/12 Cleaning, Unicode normalization and
 []


Underfull \hbox (badness 1168) in paragraph at lines 169--170
[]|\TU/NirmalaUI(0)/m/it/12 Lexical/heuristic Legal-Financial classifica-
 []

[72] [73]
Underfull \hbox (badness 3250) in paragraph at lines 242--242
[]|\TU/NirmalaUI(0)/m/it/12 Preserve extracted docu-
 []


Underfull \hbox (badness 10000) in paragraph at lines 242--243
[]|\TU/NirmalaUI(0)/m/it/12 Simple but less
 []


Underfull \hbox (badness 10000) in paragraph at lines 242--243
\TU/NirmalaUI(0)/m/it/12 suitable for long-
 []


Underfull \hbox (badness 10000) in paragraph at lines 244--245
[]|\TU/NirmalaUI(0)/m/it/12 More consistent
 []


Underfull \hbox (badness 1681) in paragraph at lines 246--247
\TU/NirmalaUI(0)/m/it/12 trieval and evidence
 []

[74]
Underfull \hbox (badness 10000) in paragraph at lines 275--275
[]|\TU/NirmalaUI(0)/m/it/12 Direct lexical
 []


Underfull \hbox (badness 10000) in paragraph at lines 279--280
[]|\TU/NirmalaUI(0)/m/it/12 400-record Hindi
 []


Underfull \hbox (badness 2903) in paragraph at lines 281--282
[]|\TU/NirmalaUI(0)/m/it/12 Structured extrac-
 []


Underfull \hbox (badness 10000) in paragraph at lines 283--283
[]|\TU/NirmalaUI(0)/m/it/12 External transla-
 []


Underfull \hbox (badness 10000) in paragraph at lines 285--286
[]|\TU/NirmalaUI(0)/m/it/12 Page-level evi-
 []


Underfull \hbox (badness 4832) in paragraph at lines 287--288
[]|\TU/NirmalaUI(0)/m/it/12 “Not found” fall-
 []


Underfull \hbox (badness 10000) in paragraph at lines 289--290
[]|\TU/NirmalaUI(0)/m/it/12 Grounded re-
 []


Underfull \hbox (badness 10000) in paragraph at lines 289--290
\TU/NirmalaUI(0)/m/it/12 sponse with
 []


Underfull \hbox (badness 10000) in paragraph at lines 289--290
\TU/NirmalaUI(0)/m/it/12 optional AI en-
 []


Overfull \hbox (0.38345pt too wide) in paragraph at lines 301--305
\TU/NirmalaUI(0)/m/it/12 tuning. Therefore, conventional training hyperparamete
rs such as learning rate, batch
 []

[75]
Underfull \hbox (badness 10000) in paragraph at lines 329--330
[]|\TU/NirmalaUI(0)/b/it/12 Experimental Con-
 []


Underfull \hbox (badness 10000) in paragraph at lines 331--332
[]|\TU/NirmalaUI(0)/m/it/12 Very large chunks
 []


Underfull \hbox (badness 10000) in paragraph at lines 333--334
[]|\TU/NirmalaUI(0)/m/it/12 Excessive overlap
 []


Underfull \hbox (badness 10000) in paragraph at lines 333--334
\TU/NirmalaUI(0)/m/it/12 increases repeated
 []


Underfull \hbox (badness 2529) in paragraph at lines 335--335
[]|\TU/NirmalaUI(0)/m/it/12 More contextual in-
 []


Underfull \hbox (badness 10000) in paragraph at lines 335--336
[]|\TU/NirmalaUI(0)/m/it/12 Too many chunks
 []


Underfull \hbox (badness 10000) in paragraph at lines 337--338
[]|\TU/NirmalaUI(0)/m/it/12 Excessive threshold
 []


Underfull \hbox (badness 2302) in paragraph at lines 337--338
\TU/NirmalaUI(0)/m/it/12 may miss valid evi-
 []


Underfull \hbox (badness 10000) in paragraph at lines 339--339
[]|\TU/NirmalaUI(0)/m/it/12 Larger translation
 []

[76]
Overfull \hbox (3.15024pt too wide) in paragraph at lines 361--365
\TU/NirmalaUI(0)/m/it/12 Chunking improves retrieval for long legal and financi
al documents. Instead of search-
 []

[77]
Overfull \hbox (0.14868pt too wide) in paragraph at lines 405--408
[]\TU/NirmalaUI(0)/m/it/12 The selected configuration combines lexical document
 retrieval, document chunk-
 []

[78]
Overfull \hbox (4.60065pt too wide) in paragraph at lines 443--446
\TU/NirmalaUI(0)/m/it/12 complexity, processing requirements, bilingual functio
nality, and document-grounded
 []

[79]) [80]
\openout2 = `chapters/08_Individual_Technical_Contribution.aux'.

 (chapters/08_Individual_Technical_Contribution.tex
Chapter 8.
LaTeX Font Info:    Font shape `OT1/ptm/bx/n' in size <10.95> not available
(Font)              Font shape `OT1/ptm/b/n' tried instead on input line 47.
LaTeX Font Info:    Font shape `OT1/ptm/bx/n' in size <8> not available
(Font)              Font shape `OT1/ptm/b/n' tried instead on input line 47.
LaTeX Font Info:    Font shape `OT1/ptm/bx/n' in size <6> not available
(Font)              Font shape `OT1/ptm/b/n' tried instead on input line 47.
[81




] [82] [83]
Overfull \hbox (5.52524pt too wide) in paragraph at lines 235--237
[]\TU/NirmalaUI(0)/m/it/12 Validated source-grounded question-answering respons
es against the uploaded
 []

[84]
Overfull \hbox (21.71361pt too wide) in paragraph at lines 265--267
\TU/NirmalaUI(0)/m/it/12 Padmaja contributed to testing and debugging of the co
re NLP and document-processing
 []

[85] [86] [87] [88]
Underfull \hbox (badness 10000) in paragraph at lines 534--534
[]|\TU/NirmalaUI(0)/m/it/12 HTML, CSS and
 []


Underfull \hbox (badness 10000) in paragraph at lines 546--546
[]|\TU/NirmalaUI(0)/m/it/12 400-record Hindi
 []


Underfull \hbox (badness 10000) in paragraph at lines 550--550
[]|\TU/NirmalaUI(0)/m/it/12 Sarvam Translation
 []


Underfull \hbox (badness 10000) in paragraph at lines 554--554
[]|\TU/NirmalaUI(0)/m/it/12 Lexical / Token
 []

[89] [90] [91]) [92]
\openout2 = `chapters/09_Model_Evaluation_and_Validation.aux'.

 (chapters/09_Model_Evaluation_and_Validation.tex
Chapter 9.

Overfull \hbox (16.37622pt too wide) in paragraph at lines 8--9
\TU/NirmalaUI(0)/m/it/12 Three complementary checks were used: 18 Node.js regre
ssion tests, an eight-document
 []


Overfull \hbox (7.84946pt too wide) in paragraph at lines 14--15
\TU/NirmalaUI(0)/m/it/12 All 18 automated tests passed. The labelled holdout pr
oduced eight correct document-
 []

[93




] [94]) [95]
\openout2 = `chapters/10_Error_Analysis_and_Model_Improvement.aux'.

 (chapters/10_Error_Analysis_and_Model_Improvement.tex
Chapter 10.

Underfull \hbox (badness 10000) in paragraph at lines 18--18
[]|\TU/NirmalaUI(0)/m/it/12 Unsupported PAN
 []


Underfull \hbox (badness 4001) in paragraph at lines 18--19
[]|\TU/NirmalaUI(0)/m/it/12 Return a grounded “not
 []


Underfull \hbox (badness 10000) in paragraph at lines 20--20
[]|\TU/NirmalaUI(0)/m/it/12 No relevant cross-
 []


Underfull \hbox (badness 10000) in paragraph at lines 22--22
[]|\TU/NirmalaUI(0)/m/it/12 Evidence split across
 []


Underfull \hbox (badness 1237) in paragraph at lines 22--23
[]|\TU/NirmalaUI(0)/m/it/12 Repair line breaks before
 []


Underfull \hbox (badness 1005) in paragraph at lines 22--23
\TU/NirmalaUI(0)/m/it/12 sentence and chunk pro-
 []


Underfull \hbox (badness 2020) in paragraph at lines 24--24
[]|\TU/NirmalaUI(0)/m/it/12 Reduced readability and
 []


Underfull \hbox (badness 2189) in paragraph at lines 24--25
[]|\TU/NirmalaUI(0)/m/it/12 Reject invalid output us-
 []


Underfull \hbox (badness 10000) in paragraph at lines 26--26
[]|\TU/NirmalaUI(0)/m/it/12 Amounts, dates,
 []


Underfull \hbox (badness 10000) in paragraph at lines 26--26
\TU/NirmalaUI(0)/m/it/12 or percentages
 []


Underfull \hbox (badness 10000) in paragraph at lines 26--26
[]|\TU/NirmalaUI(0)/m/it/12 Financial meaning cor-
 []


Underfull \hbox (badness 2689) in paragraph at lines 26--27
[]|\TU/NirmalaUI(0)/m/it/12 Validate protected values
 []


Underfull \hbox (badness 7796) in paragraph at lines 28--28
[]|\TU/NirmalaUI(0)/m/it/12 External translation
 []


Underfull \hbox (badness 10000) in paragraph at lines 28--28
[]|\TU/NirmalaUI(0)/m/it/12 Upload or analysis
 []

[96




] [97]
Underfull \hbox (badness 1852) in paragraph at lines 75--75
[]|\TU/NirmalaUI(0)/m/it/12 Translation coupled to docu-
 []


Underfull \hbox (badness 1742) in paragraph at lines 79--80
[]|\TU/NirmalaUI(0)/m/it/12 Hindi output is checked for natural
 []


Underfull \hbox (badness 3701) in paragraph at lines 81--81
[]|\TU/NirmalaUI(0)/m/it/12 Critical values could drift in
 []

[98]) [99]
\openout2 = `chapters/11_Final_System_and_Results.aux'.

 (chapters/11_Final_System_and_Results.tex
Chapter 11.

Overfull \hbox (5.64987pt too wide) in paragraph at lines 8--9
\TU/NirmalaUI(0)/m/it/12 traction, chunking, retrieval, translation, and ground
ed answer generation. In-memory
 []

File: figures/implemented_system_architecture.png.png Graphic file (type bmp)
<figures/implemented_system_architecture.png.png>
[100




]
Underfull \hbox (badness 1178) in paragraph at lines 31--32
[]|\TU/NirmalaUI(0)/m/it/12 Evidence contains the thirty-
 []


Underfull \hbox (badness 10000) in paragraph at lines 33--33
[]|\TU/NirmalaUI(0)/m/it/12 English financial
 []


Underfull \hbox (badness 10000) in paragraph at lines 33--33
\TU/NirmalaUI(0)/m/it/12 document with
 []


Underfull \hbox (badness 2617) in paragraph at lines 33--33
\TU/NirmalaUI(0)/m/it/12 ment clause and an-
 []


Underfull \hbox (badness 10000) in paragraph at lines 35--35
[]|\TU/NirmalaUI(0)/m/it/12 Question asking
 []


Underfull \hbox (badness 10000) in paragraph at lines 35--35
\TU/NirmalaUI(0)/m/it/12 for absent PAN
 []


Underfull \hbox (badness 3884) in paragraph at lines 35--36
[]|\TU/NirmalaUI(0)/m/it/12 “Information not found” re-
 []


Underfull \hbox (badness 6775) in paragraph at lines 35--36
\TU/NirmalaUI(0)/m/it/12 sponse, no source citation,
 []


Underfull \hbox (badness 10000) in paragraph at lines 37--37
[]|\TU/NirmalaUI(0)/m/it/12 Financial transla-
 []

[101]) [102]
\openout2 = `chapters/12_SDG_Sustainability_Safety_and_Societal_Impact.aux'.

 (chapters/12_SDG_Sustainability_Safety_and_Societal_Impact.tex
Chapter 12.

Overfull \hbox (7.98853pt too wide) in paragraph at lines 8--9
\TU/NirmalaUI(0)/m/it/12 pecially access to information and more inclusive inst
itutions, by presenting document-
 []

[103




]) [104]
\openout2 = `chapters/13_Project_Management_and_Team_Contribution.aux'.

 (chapters/13_Project_Management_and_Team_Contribution.tex
Chapter 13.

Underfull \hbox (badness 3746) in paragraph at lines 15--15
\TU/NirmalaUI(0)/m/it/12 cessing, chunking, re-
 []


Underfull \hbox (badness 10000) in paragraph at lines 15--16
[]|\TU/NirmalaUI(0)/m/it/12 Functional verification
 []


Underfull \hbox (badness 1383) in paragraph at lines 15--16
\TU/NirmalaUI(0)/m/it/12 and bilingual workflow
 []


Underfull \hbox (badness 10000) in paragraph at lines 17--17
[]|\TU/NirmalaUI(0)/m/it/12 Translation integration
 []


Underfull \hbox (badness 1789) in paragraph at lines 17--18
[]|\TU/NirmalaUI(0)/m/it/12 Translation fidelity and
 []


Underfull \hbox (badness 10000) in paragraph at lines 17--18
\TU/NirmalaUI(0)/m/it/12 English/Hindi query
 []


Underfull \hbox (badness 10000) in paragraph at lines 19--20
[]|\TU/NirmalaUI(0)/m/it/12 Output, page evi-
 []


Underfull \hbox (badness 10000) in paragraph at lines 19--20
\TU/NirmalaUI(0)/m/it/12 dence, classification,
 []


Underfull \hbox (badness 10000) in paragraph at lines 21--21
[]|\TU/NirmalaUI(0)/m/it/12 Technical implementa-
 []


Underfull \hbox (badness 1616) in paragraph at lines 21--22
\TU/NirmalaUI(0)/m/it/12 view, and presentation
 []

[105




]
Underfull \hbox (badness 10000) in paragraph at lines 31--32
[]|\TU/NirmalaUI(0)/m/it/12 Chapters 1–5 and pro-
 []


Underfull \hbox (badness 1303) in paragraph at lines 33--34
[]|\TU/NirmalaUI(0)/m/it/12 Chapters 6–8, application
 []


Underfull \hbox (badness 1810) in paragraph at lines 35--35
[]|\TU/NirmalaUI(0)/m/it/12 Evaluation, error analysis,
 []


Underfull \hbox (badness 5217) in paragraph at lines 35--36
[]|\TU/NirmalaUI(0)/m/it/12 Chapters 9–14, evidence
 []

[106]
Overfull \hbox (1.28424pt too wide) in paragraph at lines 49--50
\TU/NirmalaUI(0)/m/it/12 Akshata’s primary contribution is bilingual interactio
n, validation, testing, and system-
 []

) [107]
\openout2 = `chapters/14_Conclusion_and_Future_Scope.aux'.

 (chapters/14_Conclusion_and_Future_Scope.tex
Chapter 14.
[108




]) [109] (thesis.bbl) [110



]
\openout2 = `appendices/appendix.aux'.

 (appendices/appendix.tex
(appendices/appendix_a_ai_compliance
Appendix A.
[111


]) (appendices/appendix_b_plagiarism [112]
Appendix B.
File: appendices/PDF/Similarity_report.pdf Graphic file (type pdf)
<use appendices/PDF/Similarity_report.pdf>
File: appendices/PDF/Similarity_report.pdf Graphic file (type pdf)
<use appendices/PDF/Similarity_report.pdf>
File: appendices/PDF/Similarity_report.pdf Graphic file (type pdf)
<use appendices/PDF/Similarity_report.pdf, page 1>
File: appendices/PDF/Similarity_report.pdf Graphic file (type pdf)
<use appendices/PDF/Similarity_report.pdf, page 1>
[113

]
File: appendices/PDF/Similarity_report.pdf Graphic file (type pdf)
<use appendices/PDF/Similarity_report.pdf, page 1>
File: appendices/PDF/Similarity_report.pdf Graphic file (type pdf)
<use appendices/PDF/Similarity_report.pdf, page 1>
File: appendices/PDF/Similarity_report.pdf Graphic file (type pdf)
<use appendices/PDF/Similarity_report.pdf, page 1>
 [114]
File: appendices/PDF/Similarity_report.pdf Graphic file (type pdf)
<use appendices/PDF/Similarity_report.pdf, page 2>
File: appendices/PDF/Similarity_report.pdf Graphic file (type pdf)
<use appendices/PDF/Similarity_report.pdf, page 2>
File: appendices/PDF/Similarity_report.pdf Graphic file (type pdf)
<use appendices/PDF/Similarity_report.pdf, page 2>
 [115]) (appendices/appendix_c_ai_writing
Appendix C.
File: appendices/PDF/AI_report.pdf Graphic file (type pdf)
<use appendices/PDF/AI_report.pdf>
File: appendices/PDF/AI_report.pdf Graphic file (type pdf)
<use appendices/PDF/AI_report.pdf>
File: appendices/PDF/AI_report.pdf Graphic file (type pdf)
<use appendices/PDF/AI_report.pdf, page 1>
File: appendices/PDF/AI_report.pdf Graphic file (type pdf)
<use appendices/PDF/AI_report.pdf, page 1>
[116

]
File: appendices/PDF/AI_report.pdf Graphic file (type pdf)
<use appendices/PDF/AI_report.pdf, page 1>
File: appendices/PDF/AI_report.pdf Graphic file (type pdf)
<use appendices/PDF/AI_report.pdf, page 1>
File: appendices/PDF/AI_report.pdf Graphic file (type pdf)
<use appendices/PDF/AI_report.pdf, page 1>
 [117]
File: appendices/PDF/AI_report.pdf Graphic file (type pdf)
<use appendices/PDF/AI_report.pdf, page 2>
File: appendices/PDF/AI_report.pdf Graphic file (type pdf)
<use appendices/PDF/AI_report.pdf, page 2>
File: appendices/PDF/AI_report.pdf Graphic file (type pdf)
<use appendices/PDF/AI_report.pdf, page 2>
 [118]) (appendices/appendix_d_evaluation
Appendix D.
File: appendices/PDF/evalution_crieria.pdf Graphic file (type pdf)
<use appendices/PDF/evalution_crieria.pdf>
File: appendices/PDF/evalution_crieria.pdf Graphic file (type pdf)
<use appendices/PDF/evalution_crieria.pdf>
File: appendices/PDF/evalution_crieria.pdf Graphic file (type pdf)
<use appendices/PDF/evalution_crieria.pdf, page 1>
File: appendices/PDF/evalution_crieria.pdf Graphic file (type pdf)
<use appendices/PDF/evalution_crieria.pdf, page 1>
[119

]
File: appendices/PDF/evalution_crieria.pdf Graphic file (type pdf)
<use appendices/PDF/evalution_crieria.pdf, page 1>
File: appendices/PDF/evalution_crieria.pdf Graphic file (type pdf)
<use appendices/PDF/evalution_crieria.pdf, page 1>
File: appendices/PDF/evalution_crieria.pdf Graphic file (type pdf)
<use appendices/PDF/evalution_crieria.pdf, page 1>
 [120]
File: appendices/PDF/evalution_crieria.pdf Graphic file (type pdf)
<use appendices/PDF/evalution_crieria.pdf, page 2>
File: appendices/PDF/evalution_crieria.pdf Graphic file (type pdf)
<use appendices/PDF/evalution_crieria.pdf, page 2>
File: appendices/PDF/evalution_crieria.pdf Graphic file (type pdf)
<use appendices/PDF/evalution_crieria.pdf, page 2>
 [121]) (appendices/appendix_e_supporting_evidence
Appendix E.

Overfull \hbox (5.27213pt too wide) in paragraph at lines 7--8
\TU/NirmalaUI(0)/m/it/12 preservation of Devanagari combining marks, Unicode no
rmalization, and page-linked
 []

)) [122

] [123] (thesis.aux (front_matter/title_page.aux)
(front_matter/certificate.aux) (front_matter/candidate's_declaration.aux)
(front_matter/Certificate_of_Plag_Check.aux) (front_matter/acknowledgements.aux
) (front_matter/dedication.aux) (front_matter/Abstract.aux)
(chapters/01_Problem_Identification.aux) (chapters/02_Literature_Review.aux)
(chapters/03_Dataset_Collection.aux) (chapters/04_Data_Preparation.aux)
(chapters/05_NLP_Pipeline_design.aux)
(chapters/06_NLP_System Implementation.aux)
(chapters/07_Experimentation_and_Model_Development.aux)
(chapters/08_Individual_Technical_Contribution.aux)
(chapters/09_Model_Evaluation_and_Validation.aux)
(chapters/10_Error_Analysis_and_Model_Improvement.aux)
(chapters/11_Final_System_and_Results.aux)
(chapters/12_SDG_Sustainability_Safety_and_Societal_Impact.aux)
(chapters/13_Project_Management_and_Team_Contribution.aux)
(chapters/14_Conclusion_and_Future_Scope.aux) (appendices/appendix.aux))

LaTeX Font Warning: Some font shapes were not available, defaults substituted.

Package rerunfilecheck Info: File `thesis.out' has not changed.
(rerunfilecheck)             Checksum: 954F9111CAF97F389A55EB143089DA62;38987.
 )
Output written on thesis.xdv (141 pages, 2104564 bytes).
